🧪 准备跑 44 篇, provider=mimo, search=on
  - 光电信息科学与工程 (eng)
  - 机械设计制造及其自动化 (eng)
  - 环境工程 (eng)
  - 生物工程 (eng)
  - 机器人工程 (eng)
  ... (39 more)

→ 光电信息科学与工程 (eng)
  [synth] raw keys: ['title', 'slug', 'style', 'category', 'degree', 'duration_years', 'tags', 'difficulty']
  [fallback] overview_v2.pitfalls 默认 3 条
  audit(mimo): 9.95/10 ✅ drift=[] cost=¥0.0027
  [manifest] warn: No module named 'fix_manifest_discipline'
  ✅ skills/gaokao-major-explorer/data/curated/optoelectronic-information-science-engineering.json (16s)

→ 机械设计制造及其自动化 (eng)
  [synth] raw keys: ['title', 'slug', 'style', 'category', 'degree', 'duration_years', 'tags', 'difficulty']
  [fallback] overview_v2.pitfalls 默认 3 条
  audit(mimo): 9.95/10 ✅ drift=[] cost=¥0.0027
  [manifest] warn: No module named 'fix_manifest_discipline'
  ✅ skills/gaokao-major-explorer/data/curated/mechanical-design-manufacture-automation.json (16s)

→ 环境工程 (eng)
  [synth] raw keys: ['title', 'slug', 'style', 'category', 'degree', 'duration_years', 'tags', 'difficulty']
  [fallback] overview_v2.pitfalls 默认 3 条
  audit(mimo): 10.0/10 ✅ drift=[] cost=¥0.0025
  [manifest] warn: No module named 'fix_manifest_discipline'
  ✅ skills/gaokao-major-explorer/data/curated/environmental-engineering.json (16s)

→ 生物工程 (eng)
  [synth] raw keys: ['title', 'slug', 'style', 'category', 'degree', 'duration_years', 'tags', 'difficulty']
  [fallback] overview_v2.pitfalls 默认 3 条
  audit(mimo): 9.94/10 ✅ drift=[] cost=¥0.0025
  [manifest] warn: No module named 'fix_manifest_discipline'
  ✅ skills/gaokao-major-explorer/data/curated/biological-engineering.json (15s)

→ 机器人工程 (eng)
  [synth] raw keys: ['title', 'slug', 'style', 'category', 'degree', 'duration_years', 'tags', 'difficulty']
  [fallback] overview_v2.pitfalls 默认 3 条
  audit(mimo): 10.0/10 ✅ drift=[] cost=¥0.0026
  [manifest] warn: No module named 'fix_manifest_discipline'
  ✅ skills/gaokao-major-explorer/data/curated/robotics-engineering.json (16s)

→ 能源与动力工程 (eng)
  [synth] raw keys: ['title', 'slug', 'style', 'category', 'degree', 'duration_years', 'tags', 'difficulty']
  [fallback] overview_v2.pitfalls 默认 3 条
  audit(mimo): 10.0/10 ✅ drift=[] cost=¥0.0025
  [manifest] warn: No module named 'fix_manifest_discipline'
  ✅ skills/gaokao-major-explorer/data/curated/energy-power-engineering.json (15s)

→ 制药工程 (eng)
  [synth] raw keys: ['title', 'slug', 'style', 'category', 'degree', 'duration_years', 'tags', 'difficulty']
  [fallback] overview_v2.pitfalls 默认 3 条
  audit(mimo): 10.0/10 ✅ drift=[] cost=¥0.0027
  [manifest] warn: No module named 'fix_manifest_discipline'
  ✅ skills/gaokao-major-explorer/data/curated/pharmaceutical-engineering.json (17s)

→ 智能制造工程 (eng)
  [synth] raw keys: ['title', 'slug', 'style', 'category', 'degree', 'duration_years', 'tags', 'difficulty']
  [fallback] overview_v2.pitfalls 默认 3 条
  audit(mimo): 10.0/10 ✅ drift=[] cost=¥0.0023
  [manifest] warn: No module named 'fix_manifest_discipline'
  ✅ skills/gaokao-major-explorer/data/curated/intelligent-manufacturing-engineering.json (14s)

→ 环境科学 (sci)
  [synth] raw keys: ['title', 'slug', 'style', 'category', 'degree', 'duration_years', 'tags', 'difficulty']
  [fallback] overview_v2.pitfalls 默认 3 条
  audit(mimo): 9.94/10 ✅ drift=[] cost=¥0.0027
  [manifest] warn: No module named 'fix_manifest_discipline'
  ✅ skills/gaokao-major-explorer/data/curated/environmental-science.json (16s)

→ 高分子材料与工程 (eng)
  [synth] raw keys: ['title', 'slug', 'style', 'category', 'degree', 'duration_years', 'tags', 'difficulty']
  [fallback] overview_v2.pitfalls 默认 3 条
  audit(mimo): 10.0/10 ✅ drift=[] cost=¥0.0027
  [manifest] warn: No module named 'fix_manifest_discipline'
  ✅ skills/gaokao-major-explorer/data/curated/polymer-materials-engineering.json (17s)

→ 工程力学 (eng)
  [synth] raw keys: ['title', 'slug', 'style', 'category', 'degree', 'duration_years', 'tags', 'difficulty']
  [fallback] overview_v2.pitfalls 默认 3 条
  audit(mimo): 9.95/10 ✅ drift=[] cost=¥0.0028
  [manifest] warn: No module named 'fix_manifest_discipline'
  ✅ skills/gaokao-major-explorer/data/curated/engineering-mechanics.json (17s)

→ 新能源科学与工程 (eng)
  [synth] raw keys: ['title', 'slug', 'style', 'category', 'degree', 'duration_years', 'tags', 'difficulty']
  [fallback] overview_v2.pitfalls 默认 3 条
  audit(mimo): 9.95/10 ✅ drift=[] cost=¥0.0026
  [manifest] warn: No module named 'fix_manifest_discipline'
  ✅ skills/gaokao-major-explorer/data/curated/new-energy-science-engineering.json (17s)

→ 材料成型及控制工程 (eng)
  [synth] raw keys: ['title', 'slug', 'style', 'category', 'degree', 'duration_years', 'tags', 'difficulty']
  [fallback] overview_v2.pitfalls 默认 3 条
  audit(mimo): 9.95/10 ✅ drift=[] cost=¥0.0027
  [manifest] warn: No module named 'fix_manifest_discipline'
  ✅ skills/gaokao-major-explorer/data/curated/materials-forming-control-engineering.json (19s)

→ 测控技术与仪器 (eng)
  [synth] raw keys: ['title', 'slug', 'style', 'category', 'degree', 'duration_years', 'tags', 'difficulty']
  [fallback] overview_v2.pitfalls 默认 3 条
  audit(mimo): 9.95/10 ✅ drift=[] cost=¥0.0027
  [manifest] warn: No module named 'fix_manifest_discipline'
  ✅ skills/gaokao-major-explorer/data/curated/measurement-control-technology-instruments.json (16s)

→ 风景园林 (eng)
  [synth] raw keys: ['title', 'slug', 'style', 'category', 'degree', 'duration_years', 'tags', 'difficulty']
  [fallback] overview_v2.pitfalls 默认 3 条
  audit(mimo): 10.0/10 ✅ drift=[] cost=¥0.0028
  [manifest] warn: No module named 'fix_manifest_discipline'
  ✅ skills/gaokao-major-explorer/data/curated/landscape-architecture2.json (18s)

→ 信息安全 (cs)
  [synth] raw keys: ['title', 'slug', 'style', 'category', 'degree', 'duration_years', 'tags', 'difficulty']
  [fallback] overview_v2.pitfalls 默认 3 条
  audit(mimo): 10.0/10 ✅ drift=[] cost=¥0.0025
  [manifest] warn: No module named 'fix_manifest_discipline'
  ✅ skills/gaokao-major-explorer/data/curated/information-security.json (16s)

→ 安全工程 (eng)
  [synth] raw keys: ['title', 'slug', 'style', 'category', 'degree', 'duration_years', 'tags', 'difficulty']
  [fallback] overview_v2.pitfalls 默认 3 条
  audit(mimo): 10.0/10 ✅ drift=[] cost=¥0.0023
  [manifest] warn: No module named 'fix_manifest_discipline'
  ✅ skills/gaokao-major-explorer/data/curated/safety-engineering.json (15s)

→ 数字媒体技术 (cs)
  [synth] raw keys: ['title', 'slug', 'style', 'category', 'degree', 'duration_years', 'tags', 'difficulty']
  [fallback] overview_v2.pitfalls 默认 3 条
  audit(mimo): 9.95/10 ✅ drift=[] cost=¥0.0027
  [manifest] warn: No module named 'fix_manifest_discipline'
  ✅ skills/gaokao-major-explorer/data/curated/digital-media-technology.json (17s)

→ 机械电子工程 (eng)
  [synth] raw keys: ['title', 'slug', 'style', 'category', 'degree', 'duration_years', 'tags', 'difficulty']
  [fallback] overview_v2.pitfalls 默认 3 条
  audit(mimo): 10.0/10 ✅ drift=[] cost=¥0.0027
  [manifest] warn: No module named 'fix_manifest_discipline'
  ✅ skills/gaokao-major-explorer/data/curated/mechatronic-engineering.json (17s)

→ 电子科学与技术 (eng)
  [synth] raw keys: ['title', 'slug', 'style', 'category', 'degree', 'duration_years', 'tags', 'difficulty']
  [fallback] overview_v2.pitfalls 默认 3 条
  audit(mimo): 10.0/10 ✅ drift=[] cost=¥0.0026
  [manifest] warn: No module named 'fix_manifest_discipline'
  ✅ skills/gaokao-major-explorer/data/curated/electronic-science-technology.json (17s)

→ 生物制药 (eng)
  [synth] raw keys: ['title', 'slug', 'style', 'category', 'degree', 'duration_years', 'tags', 'difficulty']
  [fallback] overview_v2.pitfalls 默认 3 条
  audit(mimo): 10.0/10 ✅ drift=[] cost=¥0.0024
  [manifest] warn: No module named 'fix_manifest_discipline'
  ✅ skills/gaokao-major-explorer/data/curated/biopharmaceutical-engineering.json (17s)

→ 过程装备与控制工程 (eng)
  [synth] raw keys: ['title', 'slug', 'style', 'category', 'degree', 'duration_years', 'tags', 'difficulty']
  [fallback] overview_v2.pitfalls 默认 3 条
  audit(mimo): 9.95/10 ✅ drift=[] cost=¥0.0026
  [manifest] warn: No module named 'fix_manifest_discipline'
  ✅ skills/gaokao-major-explorer/data/curated/process-equipment-control-engineering.json (17s)

→ 储能科学与工程 (eng)
  [synth] raw keys: ['title', 'slug', 'style', 'category', 'degree', 'duration_years', 'tags', 'difficulty']
  [fallback] overview_v2.pitfalls 默认 3 条
  audit(mimo): 9.94/10 ✅ drift=[] cost=¥0.0023
  [manifest] warn: No module named 'fix_manifest_discipline'
  ✅ skills/gaokao-major-explorer/data/curated/energy-storage-science-engineering.json (14s)

→ 水利水电工程 (eng)
  [synth] raw keys: ['title', 'slug', 'style', 'category', 'degree', 'duration_years', 'tags', 'difficulty']
  [fallback] overview_v2.pitfalls 默认 3 条
  audit(mimo): 10.0/10 ✅ drift=[] cost=¥0.0025
  [manifest] warn: No module named 'fix_manifest_discipline'
  ✅ skills/gaokao-major-explorer/data/curated/hydraulic-engineering.json (16s)

→ 智能建造 (eng)
  [synth] raw keys: ['title', 'slug', 'style', 'category', 'degree', 'duration_years', 'tags', 'difficulty']
  [fallback] overview_v2.pitfalls 默认 3 条
  audit(mimo): 9.94/10 ✅ drift=[] cost=¥0.0027
  [manifest] warn: No module named 'fix_manifest_discipline'
  ✅ skills/gaokao-major-explorer/data/curated/intelligent-construction.json (16s)

→ 地质工程 (eng)
  [synth] raw keys: ['title', 'slug', 'style', 'category', 'degree', 'duration_years', 'tags', 'difficulty']
  [fallback] overview_v2.pitfalls 默认 3 条
  audit(mimo): 10.0/10 ✅ drift=[] cost=¥0.0027
  [manifest] warn: No module named 'fix_manifest_discipline'
  ✅ skills/gaokao-major-explorer/data/curated/geological-engineering.json (16s)

→ 物联网工程 (cs)
  [synth] raw keys: ['title', 'slug', 'style', 'category', 'degree', 'duration_years', 'tags', 'difficulty']
  [fallback] overview_v2.pitfalls 默认 3 条
  audit(mimo): 9.95/10 ✅ drift=[] cost=¥0.0027
  [manifest] warn: No module named 'fix_manifest_discipline'
  ✅ skills/gaokao-major-explorer/data/curated/internet-of-things-engineering.json (16s)

→ 日语 (humanities)
  [synth] raw keys: ['title', 'slug', 'style', 'category', 'degree', 'duration_years', 'tags', 'difficulty']
  [fallback] overview_v2.pitfalls 默认 3 条
  audit(mimo): 9.94/10 ✅ drift=[] cost=¥0.0023
  [manifest] warn: No module named 'fix_manifest_discipline'
  ✅ skills/gaokao-major-explorer/data/curated/japanese.json (15s)

→ 新闻学 (humanities)
  [synth] raw keys: ['title', 'slug', 'style', 'category', 'degree', 'duration_years', 'tags', 'difficulty']
  [fallback] overview_v2.pitfalls 默认 3 条
  audit(mimo): 9.94/10 ✅ drift=[] cost=¥0.0024
  [manifest] warn: No module named 'fix_manifest_discipline'
  ✅ skills/gaokao-major-explorer/data/curated/journalism.json (15s)

→ 广告学 (humanities)
  [synth] raw keys: ['title', 'slug', 'style', 'category', 'degree', 'duration_years', 'tags', 'difficulty']
  [fallback] overview_v2.pitfalls 默认 3 条
  audit(mimo): 9.94/10 ✅ drift=[] cost=¥0.0022
  [manifest] warn: No module named 'fix_manifest_discipline'
  ✅ skills/gaokao-major-explorer/data/curated/advertising.json (13s)

→ 翻译 (humanities)
  [synth] raw keys: ['title', 'slug', 'style', 'category', 'degree', 'duration_years', 'tags', 'difficulty']
  [fallback] overview_v2.pitfalls 默认 3 条
  audit(mimo): 10.0/10 ✅ drift=[] cost=¥0.0024
  [manifest] warn: No module named 'fix_manifest_discipline'
  ✅ skills/gaokao-major-explorer/data/curated/translation-interpreting.json (15s)

→ 播音与主持艺术 (humanities)
  [synth] raw keys: ['title', 'slug', 'style', 'category', 'degree', 'duration_years', 'tags', 'difficulty']
  [fallback] overview_v2.pitfalls 默认 3 条
  audit(mimo): 9.95/10 ✅ drift=[] cost=¥0.0026
  [manifest] warn: No module named 'fix_manifest_discipline'
  ✅ skills/gaokao-major-explorer/data/curated/broadcasting-hosting.json (16s)

→ 俄语 (humanities)
  [synth] raw keys: ['title', 'slug', 'style', 'category', 'degree', 'duration_years', 'tags', 'difficulty']
  [fallback] overview_v2.pitfalls 默认 3 条
  audit(mimo): 9.94/10 ✅ drift=[] cost=¥0.0026
  [manifest] warn: No module named 'fix_manifest_discipline'
  ✅ skills/gaokao-major-explorer/data/curated/russian.json (17s)

→ 应用语言学 (humanities)
  [synth] raw keys: ['title', 'slug', 'style', 'category', 'degree', 'duration_years', 'tags', 'difficulty']
  [fallback] overview_v2.pitfalls 默认 3 条
  audit(mimo): 9.94/10 ✅ drift=[] cost=¥0.0027
  [manifest] warn: No module named 'fix_manifest_discipline'
  ✅ skills/gaokao-major-explorer/data/curated/applied-linguistics.json (17s)

→ 思想政治教育 (law)
  [synth] raw keys: ['title', 'slug', 'style', 'category', 'degree', 'duration_years', 'tags', 'difficulty']
  [fallback] overview_v2.pitfalls 默认 3 条
  audit(mimo): 9.94/10 ✅ drift=[] cost=¥0.0023
  [manifest] warn: No module named 'fix_manifest_discipline'
  ✅ skills/gaokao-major-explorer/data/curated/ideological-political-education.json (14s)

→ 医学影像学 (medicine)
  [synth] raw keys: ['title', 'slug', 'style', 'category', 'degree', 'duration_years', 'tags', 'difficulty']
  [fallback] overview_v2.pitfalls 默认 3 条
  audit(mimo): 10.0/10 ✅ drift=[] cost=¥0.0023
  [manifest] warn: No module named 'fix_manifest_discipline'
  ✅ skills/gaokao-major-explorer/data/curated/medical-imaging.json (15s)

→ 口腔医学 (medicine)
  [synth] raw keys: ['title', 'slug', 'style', 'category', 'degree', 'duration_years', 'tags', 'difficulty']
  [fallback] overview_v2.pitfalls 默认 3 条
  audit(mimo): 10.0/10 ✅ drift=[] cost=¥0.0027
  [manifest] warn: No module named 'fix_manifest_discipline'
  ✅ skills/gaokao-major-explorer/data/curated/stomatology.json (17s)

→ 中医学 (medicine)
  [synth] raw keys: ['title', 'slug', 'style', 'category', 'degree', 'duration_years', 'tags', 'difficulty']
  [fallback] overview_v2.pitfalls 默认 3 条
  audit(mimo): 10.0/10 ✅ drift=[] cost=¥0.0024
  [manifest] warn: No module named 'fix_manifest_discipline'
  ✅ skills/gaokao-major-explorer/data/curated/traditional-chinese-medicine.json (15s)

→ 麻醉学 (medicine)
  [synth] raw keys: ['title', 'slug', 'style', 'category', 'degree', 'duration_years', 'tags', 'difficulty']
  [fallback] overview_v2.pitfalls 默认 3 条
  audit(mimo): 10.0/10 ✅ drift=[] cost=¥0.0028
  [manifest] warn: No module named 'fix_manifest_discipline'
  ✅ skills/gaokao-major-explorer/data/curated/anesthesiology.json (16s)

→ 中药学 (medicine)
  [synth] raw keys: ['title', 'slug', 'style', 'category', 'degree', 'duration_years', 'tags', 'difficulty']
  [fallback] overview_v2.pitfalls 默认 3 条
  audit(mimo): 9.94/10 ✅ drift=[] cost=¥0.0025
  [manifest] warn: No module named 'fix_manifest_discipline'
  ✅ skills/gaokao-major-explorer/data/curated/traditional-chinese-pharmacy.json (16s)

→ 医学检验技术 (medicine)
  [synth] raw keys: ['title', 'slug', 'style', 'category', 'degree', 'duration_years', 'tags', 'difficulty']
  [fallback] overview_v2.pitfalls 默认 3 条
  audit(mimo): 10.0/10 ✅ drift=[] cost=¥0.0027
  [manifest] warn: No module named 'fix_manifest_discipline'
  ✅ skills/gaokao-major-explorer/data/curated/medical-laboratory-science.json (16s)

→ 康复治疗学 (medicine)
  [synth] raw keys: ['title', 'slug', 'style', 'category', 'degree', 'duration_years', 'tags', 'difficulty']
  [fallback] overview_v2.pitfalls 默认 3 条
  audit(mimo): 9.95/10 ✅ drift=[] cost=¥0.0027
  [manifest] warn: No module named 'fix_manifest_discipline'
  ✅ skills/gaokao-major-explorer/data/curated/rehabilitation-therapy.json (16s)

→ 动物科学 (agri)
  [synth] raw keys: ['title', 'slug', 'style', 'category', 'degree', 'duration_years', 'tags', 'difficulty']
  [fallback] overview_v2.pitfalls 默认 3 条
  audit(mimo): 9.94/10 ✅ drift=[] cost=¥0.0026
  [manifest] warn: No module named 'fix_manifest_discipline'
  ✅ skills/gaokao-major-explorer/data/curated/animal-science.json (16s)

→ 园艺 (agri)
  [synth] raw keys: ['title', 'slug', 'style', 'category', 'degree', 'duration_years', 'tags', 'difficulty']
  [fallback] overview_v2.pitfalls 默认 3 条
  audit(mimo): 9.94/10 ✅ drift=[] cost=¥0.0025
  [manifest] warn: No module named 'fix_manifest_discipline'
  ✅ skills/gaokao-major-explorer/data/curated/horticulture.json (15s)

============================================================
完成: 44/44 成功, 0 失败, 用时 705s
