  ✅ optoelectronic-information-science-engineering (光电信息科学与工程): 干净
  ⚠️  mechanical-design-manufacture-automation (机械设计制造及其自动化): ['pitfalls']
  ⚠️  environmental-engineering (环境工程): ['pitfalls']
  ⚠️  biological-engineering (生物工程): ['pitfalls']
  ⚠️  robotics-engineering (机器人工程): ['pitfalls']
  ⚠️  energy-power-engineering (能源与动力工程): ['pitfalls']
  ⚠️  pharmaceutical-engineering (制药工程): ['pitfalls']
  ⚠️  intelligent-manufacturing-engineering (智能制造工程): ['pitfalls']
  ⚠️  environmental-science (环境科学): ['pitfalls']
  ⏭️  slug: missing
  ⚠️  internet-of-things-engineering (物联网工程): ['pitfalls', 'who_fits_yes', 'who_fits_no']
  ⚠️  polymer-materials-engineering (高分子材料与工程): ['pitfalls']
  ⚠️  engineering-mechanics (工程力学): ['pitfalls']
  ⚠️  new-energy-science-engineering (新能源科学与工程): ['pitfalls']
  ⚠️  materials-forming-control-engineering (材料成型及控制工程): ['pitfalls']
  ⚠️  measurement-control-technology-instruments (测控技术与仪器): ['pitfalls']
  ⚠️  landscape-architecture2 (风景园林): ['pitfalls']
  ⚠️  information-security (信息安全): ['pitfalls']
  ⚠️  safety-engineering (安全工程): ['pitfalls']
  ⏭️  slug: missing
  ⚠️  digital-media-technology (数字媒体技术): ['pitfalls']
  ⚠️  mechatronic-engineering (机械电子工程): ['pitfalls']
  ⚠️  electronic-science-technology (电子科学与技术): ['pitfalls']
  ⚠️  biopharmaceutical-engineering (生物制药): ['pitfalls']
  ⚠️  process-equipment-control-engineering (过程装备与控制工程): ['pitfalls']
  ⚠️  energy-storage-science-engineering (储能科学与工程): ['pitfalls']
  ⚠️  hydraulic-engineering (水利水电工程): ['pitfalls']
  ⚠️  intelligent-construction (智能建造): ['pitfalls']
  ⚠️  geological-engineering (地质工程): ['pitfalls']
  ⏭️  slug: missing
  ⚠️  japanese (日语): ['pitfalls']
  ⚠️  journalism (新闻学): ['pitfalls']
  ⚠️  advertising (广告学): ['pitfalls']
  ⚠️  translation-interpreting (翻译): ['pitfalls']
  ⚠️  broadcasting-hosting (播音与主持艺术): ['pitfalls']
  ⚠️  russian (俄语): ['pitfalls']
  ⚠️  applied-linguistics (应用语言学): ['pitfalls']
  ⚠️  ideological-political-education (思想政治教育): ['pitfalls']
  ⏭️  slug: missing
  ⚠️  medical-imaging (医学影像学): ['pitfalls']
  ⚠️  stomatology (口腔医学): ['pitfalls']
  ⚠️  traditional-chinese-medicine (中医学): ['pitfalls']
  ⚠️  anesthesiology (麻醉学): ['pitfalls']
  ⚠️  traditional-chinese-pharmacy (中药学): ['pitfalls']
  ⚠️  medical-laboratory-science (医学检验技术): ['pitfalls']
  ⚠️  rehabilitation-therapy (康复治疗学): ['pitfalls']
  ⚠️  animal-science (动物科学): ['pitfalls']
  ⚠️  horticulture (园艺): ['pitfalls']
  ⚠️  internet-of-things-engineering (物联网工程): ['pitfalls', 'who_fits_yes', 'who_fits_no']

🔧 准备修复 44 篇 (auditor=m3, thinking=ON)

[1/44] 机械设计制造及其自动化 (eng) fields=['pitfalls']
  ✅ 修复 ['pitfalls']: pitfalls=3, who_yes=3, who_no=2

[2/44] 环境工程 (eng) fields=['pitfalls']
  ✅ 修复 ['pitfalls']: pitfalls=3, who_yes=3, who_no=2

[3/44] 生物工程 (eng) fields=['pitfalls']
  ✅ 修复 ['pitfalls']: pitfalls=3, who_yes=3, who_no=2

[4/44] 机器人工程 (eng) fields=['pitfalls']
  ✅ 修复 ['pitfalls']: pitfalls=3, who_yes=3, who_no=2

[5/44] 能源与动力工程 (eng) fields=['pitfalls']
  ✅ 修复 ['pitfalls']: pitfalls=3, who_yes=3, who_no=2

[6/44] 制药工程 (eng) fields=['pitfalls']
  ✅ 修复 ['pitfalls']: pitfalls=3, who_yes=3, who_no=2

[7/44] 智能制造工程 (eng) fields=['pitfalls']
  ✅ 修复 ['pitfalls']: pitfalls=3, who_yes=3, who_no=2

[8/44] 环境科学 (sci) fields=['pitfalls']
  ✅ 修复 ['pitfalls']: pitfalls=3, who_yes=3, who_no=2

[9/44] 物联网工程 (cs) fields=['pitfalls', 'who_fits_yes', 'who_fits_no']
  ✅ 修复 ['pitfalls', 'who_fits_yes', 'who_fits_no']: pitfalls=3, who_yes=3, who_no=2

[10/44] 高分子材料与工程 (eng) fields=['pitfalls']
  ✅ 修复 ['pitfalls']: pitfalls=3, who_yes=3, who_no=2

[11/44] 工程力学 (eng) fields=['pitfalls']
  ✅ 修复 ['pitfalls']: pitfalls=3, who_yes=3, who_no=2

[12/44] 新能源科学与工程 (eng) fields=['pitfalls']
  ✅ 修复 ['pitfalls']: pitfalls=3, who_yes=3, who_no=2

[13/44] 材料成型及控制工程 (eng) fields=['pitfalls']
  ✅ 修复 ['pitfalls']: pitfalls=3, who_yes=3, who_no=2

[14/44] 测控技术与仪器 (eng) fields=['pitfalls']
  ✅ 修复 ['pitfalls']: pitfalls=3, who_yes=3, who_no=2

[15/44] 风景园林 (eng) fields=['pitfalls']
  ✅ 修复 ['pitfalls']: pitfalls=3, who_yes=3, who_no=2

[16/44] 信息安全 (cs) fields=['pitfalls']
  ✅ 修复 ['pitfalls']: pitfalls=3, who_yes=3, who_no=2

[17/44] 安全工程 (eng) fields=['pitfalls']
  ✅ 修复 ['pitfalls']: pitfalls=3, who_yes=3, who_no=2

[18/44] 数字媒体技术 (cs) fields=['pitfalls']
  ✅ 修复 ['pitfalls']: pitfalls=3, who_yes=3, who_no=2

[19/44] 机械电子工程 (eng) fields=['pitfalls']
  ✅ 修复 ['pitfalls']: pitfalls=3, who_yes=3, who_no=2

[20/44] 电子科学与技术 (eng) fields=['pitfalls']
  ✅ 修复 ['pitfalls']: pitfalls=3, who_yes=3, who_no=2

[21/44] 生物制药 (eng) fields=['pitfalls']
  ✅ 修复 ['pitfalls']: pitfalls=3, who_yes=3, who_no=2

[22/44] 过程装备与控制工程 (eng) fields=['pitfalls']
  ✅ 修复 ['pitfalls']: pitfalls=3, who_yes=3, who_no=2

[23/44] 储能科学与工程 (eng) fields=['pitfalls']
  ✅ 修复 ['pitfalls']: pitfalls=3, who_yes=3, who_no=2

[24/44] 水利水电工程 (eng) fields=['pitfalls']
  ✅ 修复 ['pitfalls']: pitfalls=3, who_yes=3, who_no=2

[25/44] 智能建造 (eng) fields=['pitfalls']
  ✅ 修复 ['pitfalls']: pitfalls=3, who_yes=3, who_no=2

[26/44] 地质工程 (eng) fields=['pitfalls']
  ✅ 修复 ['pitfalls']: pitfalls=3, who_yes=3, who_no=2

[27/44] 日语 (humanities) fields=['pitfalls']
  ✅ 修复 ['pitfalls']: pitfalls=3, who_yes=3, who_no=2

[28/44] 新闻学 (humanities) fields=['pitfalls']
  ✅ 修复 ['pitfalls']: pitfalls=3, who_yes=3, who_no=2

[29/44] 广告学 (humanities) fields=['pitfalls']
  ✅ 修复 ['pitfalls']: pitfalls=3, who_yes=3, who_no=2

[30/44] 翻译 (humanities) fields=['pitfalls']
  ✅ 修复 ['pitfalls']: pitfalls=4, who_yes=0, who_no=0

[31/44] 播音与主持艺术 (humanities) fields=['pitfalls']
  ✅ 修复 ['pitfalls']: pitfalls=3, who_yes=3, who_no=2

[32/44] 俄语 (humanities) fields=['pitfalls']
  ✅ 修复 ['pitfalls']: pitfalls=3, who_yes=3, who_no=2

[33/44] 应用语言学 (humanities) fields=['pitfalls']
  ✅ 修复 ['pitfalls']: pitfalls=3, who_yes=3, who_no=2

[34/44] 思想政治教育 (law) fields=['pitfalls']
  ✅ 修复 ['pitfalls']: pitfalls=3, who_yes=3, who_no=2

[35/44] 医学影像学 (medicine) fields=['pitfalls']
  ✅ 修复 ['pitfalls']: pitfalls=3, who_yes=3, who_no=2

[36/44] 口腔医学 (medicine) fields=['pitfalls']
  ✅ 修复 ['pitfalls']: pitfalls=3, who_yes=3, who_no=2

[37/44] 中医学 (medicine) fields=['pitfalls']
  ✅ 修复 ['pitfalls']: pitfalls=3, who_yes=3, who_no=2

[38/44] 麻醉学 (medicine) fields=['pitfalls']
  ✅ 修复 ['pitfalls']: pitfalls=3, who_yes=3, who_no=2

[39/44] 中药学 (medicine) fields=['pitfalls']
  ✅ 修复 ['pitfalls']: pitfalls=3, who_yes=3, who_no=2

[40/44] 医学检验技术 (medicine) fields=['pitfalls']
  ✅ 修复 ['pitfalls']: pitfalls=3, who_yes=3, who_no=2

[41/44] 康复治疗学 (medicine) fields=['pitfalls']
  ✅ 修复 ['pitfalls']: pitfalls=3, who_yes=3, who_no=2

[42/44] 动物科学 (agri) fields=['pitfalls']
  ✅ 修复 ['pitfalls']: pitfalls=3, who_yes=3, who_no=2

[43/44] 园艺 (agri) fields=['pitfalls']
  ✅ 修复 ['pitfalls']: pitfalls=3, who_yes=3, who_no=2

[44/44] 物联网工程 (cs) fields=['pitfalls', 'who_fits_yes', 'who_fits_no']
  ✅ 修复 ['pitfalls', 'who_fits_yes', 'who_fits_no']: pitfalls=3, who_yes=3, who_no=2

============================================================
汇总: 44/44 修复成功
