  ⚠️  environmental-engineering (环境工程): ['pitfalls']
  ⚠️  biological-engineering (生物工程): ['pitfalls']
  ⚠️  robotics-engineering (机器人工程): ['pitfalls']
  ⚠️  energy-power-engineering (能源与动力工程): ['pitfalls']
  ⚠️  pharmaceutical-engineering (制药工程): ['pitfalls']
  ⚠️  intelligent-manufacturing-engineering (智能制造工程): ['pitfalls']
  ⚠️  environmental-science (环境科学): ['pitfalls']
  ⚠️  polymer-materials-engineering (高分子材料与工程): ['pitfalls']
  ⚠️  engineering-mechanics (工程力学): ['pitfalls']
  ⚠️  new-energy-science-engineering (新能源科学与工程): ['pitfalls']
  ⚠️  materials-forming-control-engineering (材料成型及控制工程): ['pitfalls']
  ⚠️  measurement-control-technology-instruments (测控技术与仪器): ['pitfalls']
  ⚠️  landscape-architecture2 (风景园林): ['pitfalls']
  ⚠️  information-security (信息安全): ['pitfalls']
  ⚠️  safety-engineering (安全工程): ['pitfalls']
  ⚠️  digital-media-technology (数字媒体技术): ['pitfalls']
  ⚠️  mechatronic-engineering (机械电子工程): ['pitfalls']
  ⚠️  electronic-science-technology (电子科学与技术): ['pitfalls']
  ⚠️  biopharmaceutical-engineering (生物制药): ['pitfalls']
  ⚠️  process-equipment-control-engineering (过程装备与控制工程): ['pitfalls']
  ⚠️  energy-storage-science-engineering (储能科学与工程): ['pitfalls']

🔧 准备修复 21 篇 (auditor=m3, thinking=ON)

[1/21] 环境工程 (cs) fields=['pitfalls']
  ✅ 修复 ['pitfalls']: pitfalls=3, who_yes=3, who_no=2

[2/21] 生物工程 (cs) fields=['pitfalls']
  ✅ 修复 ['pitfalls']: pitfalls=3, who_yes=3, who_no=2

[3/21] 机器人工程 (cs) fields=['pitfalls']
  ✅ 修复 ['pitfalls']: pitfalls=3, who_yes=3, who_no=2

[4/21] 能源与动力工程 (cs) fields=['pitfalls']
  ✅ 修复 ['pitfalls']: pitfalls=3, who_yes=3, who_no=2

[5/21] 制药工程 (cs) fields=['pitfalls']
  ✅ 修复 ['pitfalls']: pitfalls=3, who_yes=3, who_no=2

[6/21] 智能制造工程 (cs) fields=['pitfalls']
  ✅ 修复 ['pitfalls']: pitfalls=3, who_yes=3, who_no=2

[7/21] 环境科学 (cs) fields=['pitfalls']
  ✅ 修复 ['pitfalls']: pitfalls=3, who_yes=3, who_no=2

[8/21] 高分子材料与工程 (cs) fields=['pitfalls']
  ✅ 修复 ['pitfalls']: pitfalls=3, who_yes=3, who_no=2

[9/21] 工程力学 (cs) fields=['pitfalls']
  ✅ 修复 ['pitfalls']: pitfalls=3, who_yes=3, who_no=2

[10/21] 新能源科学与工程 (cs) fields=['pitfalls']
  ✅ 修复 ['pitfalls']: pitfalls=3, who_yes=3, who_no=2

[11/21] 材料成型及控制工程 (cs) fields=['pitfalls']
  ✅ 修复 ['pitfalls']: pitfalls=3, who_yes=3, who_no=2

[12/21] 测控技术与仪器 (cs) fields=['pitfalls']
  ✅ 修复 ['pitfalls']: pitfalls=3, who_yes=3, who_no=2

[13/21] 风景园林 (cs) fields=['pitfalls']
  ✅ 修复 ['pitfalls']: pitfalls=3, who_yes=3, who_no=2

[14/21] 信息安全 (cs) fields=['pitfalls']
  ✅ 修复 ['pitfalls']: pitfalls=3, who_yes=3, who_no=2

[15/21] 安全工程 (cs) fields=['pitfalls']
  ✅ 修复 ['pitfalls']: pitfalls=3, who_yes=3, who_no=2

[16/21] 数字媒体技术 (cs) fields=['pitfalls']
  ✅ 修复 ['pitfalls']: pitfalls=3, who_yes=3, who_no=2

[17/21] 机械电子工程 (cs) fields=['pitfalls']
  ✅ 修复 ['pitfalls']: pitfalls=3, who_yes=3, who_no=2

[18/21] 电子科学与技术 (cs) fields=['pitfalls']
  ✅ 修复 ['pitfalls']: pitfalls=3, who_yes=3, who_no=2

[19/21] 生物制药 (cs) fields=['pitfalls']
  ✅ 修复 ['pitfalls']: pitfalls=3, who_yes=3, who_no=2

[20/21] 过程装备与控制工程 (cs) fields=['pitfalls']
  ✅ 修复 ['pitfalls']: pitfalls=3, who_yes=3, who_no=2

[21/21] 储能科学与工程 (cs) fields=['pitfalls']
  ✅ 修复 ['pitfalls']: pitfalls=3, who_yes=3, who_no=2

============================================================
汇总: 21/21 修复成功
