🔍 内容质量审计: 49 篇, auditor=m3, enable_thinking=True
================================================================================

[1/49] 光电信息科学与工程 (eng)
  📊 4/10  差评  (9 项问题)
    ⚠️  pitfalls (1/10): 严重的内容串台错误: '精算师/CFA/四大事务所'是金融财会类术语, 出现在光电专业的 pitfalls 里属于致命事实错误; '本专业就是 X 行业全部'这种标题本身就不通顺; 三个 pitfalls 几乎全部通用话术, 没有一条是这个专业特有的坑 (例如: 光学冷板凳/光学加工经验积累慢/Zemax 学习曲线长/课程对数学物理要求高/光学行业起薪低于 CS)
    ⚠️  who_fits_yes (2/10): '数学/统计/经济'基础兴趣、'持证上岗'——明显是金融/会计专业的措辞, 不是光电; 光电应该强调物理/光学兴趣、动手能力、空间想象力
    ⚠️  who_fits_no (2/10): '无耐心考证/读研'、'数学/案例分析完全无兴趣'——'案例分析'和'考证'不是光电专业门槛; 应替换为'怕物理光学/电磁场理论/激光原理'等具体痛点
    ⚠️  deep_study (3/10): 缺少路径分布百分比——仅列了 7 个研究生方向, 但没有'直接就业 X%/国内读研 Y%/出国 Z%/转行 W%'的分布, 无法判断该专业是否真的'读研率较高', 也无法回答读者最关心的去向问题
    ⚠️  lede (5/10): 前 100 字是平铺式定义+方向罗列, 没有独特洞察; '是支撑光通信、光制造、新型显示...国家战略产业的关键工科专业'是典型空话; 缺少'区别于电子信息工程/通信工程的独特视角'(如光电的慢行业属性、光学经验壁垒、跨学科性质)
    ⚠️  top_schools (5/10): 提供的 JSON 中未出现 top_schools 字段, 无法评估——但 data_source 提到了第四轮学科评估, 说明应该有, 疑似字段缺失
    ⚠️  lede 重复 (5/10): what_you_learn 和 lede 内容几乎一字不差, 存在明显的内容复制, 没有提供增量信息

[2/49] 机械设计制造及其自动化 (eng)
  📊 5/10  可接受  (7 项问题)
    ⚠️  lede (3/10): 严重空话: '历史最悠久/覆盖面最广/支柱专业/复合型人才' 全是高校招生手册套话, 缺少本专业独有的核心矛盾 (如传统机械 vs 智能化转型、力学功底 vs 编程/电控跨界需求、考研率与就业方向错配), 500 所院校/8 万毕业生/90% 就业率三个数字无来源且无解读, 对志愿填报者无决策价值
    ⚠️  curriculum (5/10): 1) '高等数学' 同时出现在通用专业核心和公共必修, 重复且学分都是 3 (所有课程学分一栏全部填 3, 明显凑数); 2) 关键专业基础课缺失: 机械原理、机械设计、工程材料、电工电子学/电路基础、微机原理/单片机、控制工程基础、液压与气动、互换性与测量技术; 3) 实践环节出现 '社会实践+志愿服务' 占 3 学分不太合理
    ⚠️  alumni_quotes (5/10): 前两条有 SolidWorks/ANSYS/电控拓展等具体细节, 较好; 但第 3 条 '用专业视角看问题' 是万能空话, 没有具体课程/项目/数字; 第 4 条被截断, 难以判断; 整体 '姓名/学校脱敏' 处理使可信度打折, 'tag' 来源如 '基于知乎平台公开访谈综合' 是 AI 综合痕迹明显, 不是真校友
    ⚠️  deep_study (3/10): 数据中未见 'deep_study' 路径分布字段, 仅有 employment_direction 替代; 机械专业本应明确给出 读研/直接就业/留学/考公/转码/跨考 等去向百分比, 目前 7 个就业方向加总 100% 模糊了 '是否读研' 这一关键决策点, 而机械专业读研率近 50% 必须呈现
    ⚠️  pitfalls (0/10): 数据中完全缺失 'pitfalls' 字段; 机械专业独有深坑 (如课程体系陈旧仍重力学轻编程、传统岗位起薪低被新能源/计算机薪资碾压、考研内卷 985 本科也只能调剂、双非机械就业受学历歧视严重) 一个都没提

[3/49] 环境工程 (eng)
  📊 7/10  合格  (8 项问题)
    ⚠️  lede (5/10): 首句'环境工程是工学门类下...核心本科专业'是典型的定义式套话, 缺少第一句话的独特洞察; 真正的 lede 洞察应是'经验积累型'薪资特征或'双碳'重塑课程体系这个角度, 但被埋在中后段
    ⚠️  salary (6/10): 10年+ p75=150 万偏高, 即便注册环保工程师 + ESG 资深顾问, 150 万属于行业极值而非 p75 水平; 另外 10年+ 段 yoy=10% 偏高, 资深阶段年薪增长通常 5-8% 更合理; 5年经验 p75=60 也偏乐观
    ⚠️  curriculum (4/10): '5校特色选修'字段严重错位, 填的全是无机/有机/分析/物化/高数/大物/工程力学/电工学等学科基础课, 这些应归入'公共必修'或'学科基础'; 真正的特色选修应为'环境影响评价、环境规划、清洁生产、碳核算、膜分离技术、高级氧化、污泥处理、环境功能材料'等差异化课程, 这才是各校真正拉开差距的选修
    ⚠️  alumni_quotes (6/10): 可见的引用提到了物理化学、环境微生物学, 有一定具体性, 但 quote 的具体感仍偏教科书化, 缺少项目/实习场景(例如'在XX污水厂做中试时发现...'); tag 写'基于知乎公开访谈综合'是规避真实性的偷懒做法
    ⚠️  curriculum_credits (3/10): 专业核心课和特色选修的 credit 字段全部为空, 只有公共必修和实践环节有数字, 完整度差; 实际环境工程核心课一般 3-4 学分, 没有标注会让读者无法判断课程权重
    ⚠️  deep_study (5/10): 字段被截断未展示, 无法直接评估; 但从 summary 推断报告人把'读研+考公+设计院'作为默认路径, 容易忽视本科直接进环保设备厂/水务运营做工艺员的真实主流路径
    ⚠️  pitfalls (5/10): 字段被截断未展示; 行业典型坑如'环评红牌已撤、注册工程师通过率极低(常年<8%)、设计院加班严重且与地产周期强绑定'等专业独有的雷区是否覆盖未知

[4/49] 生物工程 (eng)
  📊 6/10  可接受  (7 项问题)
    ⚠️  lede (5/10): summary 开头是教科书式定义 ('生物工程是运用生物学、化学与工程学原理...'), 缺乏独特洞察或对比性视角; 结尾'适合动手能力强、对生命科学有持续热情的学生'是几乎所有理工科都会写的套话, 浪费了宝贵的开头位置。hero_quote '改写制造业底层逻辑' 反而比 summary 更锐利, 两者定位重复
    ⚠️  curriculum (5/10): 1) 通用专业核心和 5校特色选修 质量高, 真正属于生物工程; 2) 但公共必修 5 门课全标 3 学分明显是凑数, 高等数学工科应为 4-5 学分, '计算机基础' 应替换为 'Python程序设计' 或 'C语言'; 3) 实践教学环节中 '案例研习+项目实战' '社会实践+志愿服务' 是通识模板, 缺乏专业特征 (应出现 '生物反应器操作实训''GMP 车间实习' 这类)
    ⚠️  alumni_quotes (6/10): 前两条校友引用质量高 (提到发酵罐/HPLC/30人一半读研), 但第 3、4 条滑入空话: '用专业视角看问题''学科基础比具体技术更耐用''明确方向/刷实习' 都是放之四海皆准的鸡汤, 没有生物工程专业特异性细节; 第 5 条被截断无法评估
    ⚠️  deep_study (None/10): 字段被截断 (仅可见 'sc' 残片), 无法审计路径分布和百分比, 这是评估核心维度之一
    ⚠️  pitfalls (None/10): 字段被截断, 无法判断是否包含'生物工程独有'的坑 (如: 实验室接触 EB 染料/EB 替代品安全、发酵染菌问责制、本科就业卡学历、薪资天花板低等)

[5/49] 机器人工程 (eng)
  📊 6/10  可接受  (8 项问题)
    ⚠️  lede (4/10): 摘要超过 200 字（要求 100 字内），且完全是'X 是 2016 年新工科专业，融合机械/控制/计算机/AI 学科，培养 Y 能力'的模板空话，没有任何独特洞察或反常识判断。建议用'机器人工程=机械硬伤+软件内卷+硕士起步'这种有态度的开头。
    ⚠️  deep_study (0/10): 字段缺失（或被截断不可见）。机器人工程是典型的'本科打基础+硕士定型'专业，缺少深造路径分布（读研/出国/算法岗/集成岗/转码/考公）就无法给高考生做关键决策依据。
    ⚠️  pitfalls (0/10): 字段完全缺失。机器人工程独有的坑至少应包括：本科课程杂而不精、软硬都学但都不深入、机械结构和代码两头跑的尴尬、传统机械岗薪资被码农碾压、多数优质算法岗卡 985 硕博学历等。
    ⚠️  hero_quote (3/10): '机器人是制造业皇冠顶端的明珠'是社会广泛流传的政治/产业引语，归属'某985高校教授'属编造式署名；且 hero_quote 后半句'机器人工程专业正是摘取这颗明珠的钥匙'是营销话术，不是专业洞察。

[6/49] 能源与动力工程 (eng)
  📊 7/10  合格  (8 项问题)
    ⚠️  lede (summary) (6/10): 开头是典型的'X 是研究 Y 的工科专业'空话模板,真正有洞察的'双碳驱动转型'和'新能源人才缺口'放在第二三句才出现,主语和独特洞察的前置不够;另外 summary 约 250 字,超出'前 100 字摘要'的 lede 要求
    ⚠️  alumni_quotes (6/10): 前两条有具体细节(火电厂→储能跳槽,薪资翻倍;热力学基础是地基),但第三条完全空话——'培养了用专业视角看问题的思维,学科基础比具体技术更耐用'适用于任何工科专业,缺乏能动专属场景(如提到具体课程项目/锅炉仿真/内燃机拆装/光伏逆变器调试等);且 name 字段为空、current 字段出现'alum-0#0'等占位符,真实感不足
    ⚠️  deep_study (-1/10): 字段被截断,无法评估;提示报告应包含 5-7 条路径(保研/考研/出国/直接就业/转行/创业/考公等)且百分比合计≈100%,不要让读研占比超过 70%
    ⚠️  pitfalls (-1/10): 字段被截断,无法评估;需要检查是否包含能动专属坑(例如:本科课程偏传统,新能源对口课程需自学;多数岗位要去电厂/偏远项目现场;对口高薪岗位普遍要求硕士;与材料/电气专业存在赛道重叠等),而非通用'学起来累'

[7/49] 制药工程 (eng)
  📊 8/10  合格  (8 项问题)
    ⚠️  top_schools (6/10): 哈尔滨工业大学(第8)是凑数的'通用工科名校',其制药工程体量小、行业存在感弱,应替换为华南理工大学或中国医科大学等更对口的学校;另外沈阳药科大学的制药工程排名实际上应高于华东理工(可作并列/换序讨论)
    ⚠️  deep_study (None/10): JSON 在 xuanke_req_list 处被截断,无法审计 5-7 条深造路径百分比是否合计≈100%,需补充数据
    ⚠️  pitfalls (None/10): 数据被截断,无法评估是否是专业独有的坑(应是 GMP 合规风险、化学品安全、车间倒班等)

[8/49] 智能制造工程 (eng)
  📊 7/10  合格  (7 项问题)
    ⚠️  lede (6/10): 虽然提到 2017 新工科、数字孪生、AI 质检等具体概念, 但句式仍是经典模板'X 是 Y 之一...该专业以 Z 为核心, 培养具备 W 能力的复合型人才', 缺乏真正独特的洞察. 例如可以说'这个专业是工科里少数把机械图、Python 代码、PLC 梯形图塞进同一份课表的新工科实验'这种更具画面感的判断.
    ⚠️  top_schools (6/10): 8 所学校整体均与机械/自动化相关, 没有明显的'清北复交凑数', 但同济大学在智能制造方向辨识度一般 (其优势在汽车/建筑), 同济与东南的入选理由需要补充说明 (如东南机械学院的微纳制造特色). 每所学校没有 tag 说明强在哪, 例如华中科大应注明'机械学院数字制造装备国重室'.
    ⚠️  alumni_quotes (6/10): 前两条校友引用有具体细节 (大三智能产线仿真项目/机械制图+控制理论+机器学习三门硬课), 后两条明显是占位填充: 第三条'用专业视角看问题'几乎是万能鸡汤, 第四条'大一明确方向'同样没有专业特色, 换到任何工科都成立. 4 条里 2 条水, 整体可读性被拉低.
    ⚠️  deep_study (5/10): JSON 被截断无法审计 5-7 条路径分布. 但从已展示的 employment_direction 推断, deep_study 大概率也存在数据缺失或被截断, 需在最终发布前补全 — 智能制造工程读研率较高 (机械+控制+CS 三栖背景, 本科就业天花板明显), 路径分布中'读研'占比应高于工科均值 (~30-40%), 需重点核实.
    ⚠️  pitfalls (5/10): pitfalls 字段在截断内容中未出现, 无法直接评估. 但从校友引用'课程压力确实不小, 三门硬课同时压上来'可推测可能存在'课业负荷极重'的吐槽 — 这其实是这个专业特有的坑 (课程横跨机、电、控、算四大模块, 每块都学但都学不深), 如果 pitfalls 里只写'学习累'就属于通用坑, 必须强调'广而不精'/'就业方向模糊'/'下车间vs写代码定位摇摆'等本专业专属雷区.

[9/49] 环境科学 (sci)
  📊 3/10  差评  (7 项问题)
    ⚠️  curriculum (3/10): 「5 校特色选修」严重错误：列出了「北大数院·基础数学+应用数学」「中科大·物理+量子信息」「南开/厦大·化学+材料」——这些都是数学/物理专业的特色课，与环境科学无关，明显是数学专业模板未替换。另外前三条「环境化学与微生物学需要大量记忆…」是课程描述而非课程名，混入了字段
    ⚠️  alumni_quotes (1/10): 完全错误：alum-0 讲 211 讲师 15-25 万、alum-1 讲中学数物化生地教师、alum-3 讲字节/阿里量化——没有任何一条提到环境监测、环评、碳交易、环保企业、ESG 咨询等专业出口。这是数学/统计专业的校友语录模板未替换，属于严重失真
    ⚠️  deep_study (1/10): employment_direction 完全套用了数学/物理专业的路径：互联网 AI 20%、金融量化 12%、半导体 10%、生物医药 10%、数据科学 10%——这些与环科就业基本无关。环境科学真实的主路径应是：环保政府部门/监测站（~15%）、环保企业（碧水源/北控/首创等，~20%）、环评/咨询/EHS（~15%）、新能源/碳交易/ESG（~10%）、设计院/工程公司（~10%）、继续深造（~25%），加起来才合理
    ⚠️  pitfalls (5/10): 字段未在截断部分展示，但从整体看如果沿用模板大概率会是「学习累」等通用坑，缺少环境科学特有的坑（如：环评证书挂靠风险、基层监测岗薪资低且上升慢、本科直接就业天花板明显必须读研等）

[10/49] title (style)
  ❌ json 缺失

[11/49] 物联网工程 (cs)
  📊 4/10  差评  (7 项问题)
    ⚠️  pitfalls (1/10): 致命错误: 三个 pitfalls 全部是从金融/经管类专业模板复制过来的——'精算师/CFA/四大事务所'、'持证是硬门槛'在物联网工程完全不存在. 物联网是工程/计算机类专业, 典型坑应是'嵌入式方向薪资低于纯互联网'、'协议碎片化导致学不完'、'特设专业无独立学科评估, 考研/就业需依附母学科'等. 当前内容与专业 0 关联, 直接判错.
    ⚠️  who_fits_yes/no (2/10): 同源模板污染: '数学/统计/经济'、'案例分析'、'持证上岗'全是经管类话术, 物联网的 who_fits 应是'能接受焊板子/调示波器'、'C/C++ 不排斥'、'对纯算法方向就别来'这类工科表述.
    ⚠️  deep_study (3/10): 要求 5-7 条路径百分比合计 ≈ 100, 当前完全缺失百分比分布; 只有方向列表 (master/phd/abroad), 没有'读研 X% / 直接就业 Y% / 出国 Z%'的关键数据, 无法回答家长最关心的分流问题.
    ⚠️  lede (5/10): 远超 100 字且无独特洞察, 仍是'X 是面向万物互联的特设专业, 培养 Y 能力'的百科式开场. 没有回答'为什么选物联网而不是计算机/通信/自动化'、'它的不可替代性在哪'等真正有价值的问题. summary 字段与 lede 几乎重复, 信息冗余.
    ⚠️  employment_direction (0/10): 空数组 [], 关键字段缺失. 应有嵌入式软件工程师 / IoT 平台开发 / 解决方案 / 硬件测试 / 运维 等方向, 散落在 overview_v2 和 top_companies 里但未结构化.
    ⚠️  hero_quote (4/10): hero_quote 是空洞的格言式句子, 且归属 '——基于公开学术资料与高校培养方案综合表述' 是占位符, 没有真实可考的学者/校长名言, 反而暴露自动化生成痕迹.

[12/49] 高分子材料与工程 (eng)
  📊 7/10  合格  (6 项问题)
    ⚠️  lede (6/10): 前两句仍是典型的'X 是研究 Y 的核心工科专业, 培养 Z 能力'模板化叙述; '高素质工程人才'为典型空话。hero_quote 反而更有洞察, 建议把'可降解塑料/锂电隔膜/医用植入材料'的具体产业信号前移, 把'高素质人才'这类废话删掉
    ⚠️  curriculum (5/10): 1) 缺少本专业真正的核心工程课: 化工原理 (高分子非化学专业, 化工原理是必修基础)、聚合反应工程、流变学 (summary 里提到了但课表里没有)、聚合物结构与性能; 2) '5 校特色选修' 标签错误 — 列的全是通用实验课 (高分子化学实验/物理实验), 真正的 5 校特色选修应是各校差异课 (如川大的皮革/纤维, 青科的橡胶工艺学, 东华的化纤成型); 3) 公共必修 credits 全填 3 高度可疑 — 高数通常 5-6 学分/学期, 英语 4+, 政治 2-4, 全部统一 3 显得敷衍; 4) 实践环节里毕业论文给 3 学分, 实际应为 8-12 学分; 5) 学科竞赛+志愿服务这类非专业课放在'实践教学环节'里, 分类混乱
    ⚠️  alumni_quotes (6/10): 三条引用均提到'高分子物理化学/金发万华/配方经验', 信息密度偏低, 像是同一个人的三段话。第 1 条可补充具体修了什么课 (如'做高分子物理的流变实验, 用旋转流变仪测熔体粘度'); 第 2 条可加项目细节 (如'本科毕设做了 PA66 玻纤增强改性'); 第 3 条可给具体涨幅 (如'5 年后从 12k 跳到 25k')
    ⚠️  deep_study (None/10): JSON 被截断无法评估
    ⚠️  pitfalls (None/10): JSON 被截断无法评估, 但从 alumni_quotes 推断 '本专业独有的坑' 应包括: 本科就业易被分到车间/倒班, 实验室有机溶剂毒性 (DMF/甲苯/苯乙烯), 男女比例与就业性别歧视, 高分子≠材料成型 vs 高分子≠化学的认知偏差, 教材 5-10 年滞后于产业 (很多老师还在讲酚醛树脂, 实际岗位全是锂电隔膜/光刻胶)

[13/49] 工程力学 (eng)
  📊 7/10  合格  (7 项问题)
    ⚠️  curriculum (6/10): 核心课和选修课质量高,但'公共必修'与'通用专业核心'出现重复(高等数学同时出现两次),且全部强制写3学分不符合实际(大学英语通常4学分、政治课系列多门);'实践教学环节'写成'案例研习+项目实战''学科竞赛+创新创业实践'过于泛化,缺少工程力学标志性实践(光测力学实验、应变片测量、振动测试、ANSYS/ABAQUS有限元上机)
    ⚠️  deep_study (5/10): JSON未给出独立的 deep_study 路径分布,只能从 employment_direction 推断:科研院所/高校仅8%——工程力学本科对口就业面偏窄(航天院所多要求硕博),实际本科毕业生读研比例通常在35-50%,8%明显偏低且与该专业'强基计划'属性矛盾
    ⚠️  pitfalls (5/10): 未提供 pitfalls 字段(被截断),无法评估;但根据其他字段推断,该专业独有的坑(如:本科直接就业多为CAE画网格/画图岗,核心力学建模岗多被硕博占据;强基计划本硕博衔接限制;力学转码/转金融路径不如CS/EE顺畅)应被特别强调

[14/49] 新能源科学与工程 (eng)
