🧪 准备跑 25 篇, provider=mimo, search=on
  - 智能车辆工程 (eng)
  - 智能海洋装备 (eng)
  - 智能交通 (eng)
  - 智慧能源工程 (eng)
  - 仿生科学与工程 (eng)
  ... (20 more)

→ 智能车辆工程 (eng)
  [synth] raw keys: ['title', 'slug', 'style', 'category', 'degree', 'duration_years', 'tags', 'difficulty']
  [fallback] overview_v2.pitfalls 默认 3 条
  [manifest] warn: No module named 'fix_manifest_discipline'
  ✅ skills/gaokao-major-explorer/data/curated/intelligent-vehicle-engineering.json (13s)
  [auto-fix] 智能车辆工程: fixed 0 字段, 剩 1 strong

→ 智能海洋装备 (eng)
  [synth] raw keys: ['title', 'slug', 'style', 'category', 'degree', 'duration_years', 'tags', 'difficulty']
  [fallback] overview_v2.pitfalls 默认 3 条
  [manifest] warn: No module named 'fix_manifest_discipline'
  ✅ skills/gaokao-major-explorer/data/curated/intelligent-marine-equipment.json (14s)
  [auto-fix] 智能海洋装备: fixed 0 字段, 剩 0 strong

→ 智能交通 (eng)
  [synth] raw keys: ['title', 'slug', 'style', 'category', 'degree', 'duration_years', 'tags', 'difficulty']
  [fallback] overview_v2.pitfalls 默认 3 条
  [manifest] warn: No module named 'fix_manifest_discipline'
  ✅ skills/gaokao-major-explorer/data/curated/intelligent-transportation.json (15s)
  [auto-fix] 智能交通: fixed 0 字段, 剩 0 strong

→ 智慧能源工程 (eng)
  [synth] raw keys: ['title', 'slug', 'style', 'category', 'degree', 'duration_years', 'tags', 'difficulty']
  [fallback] overview_v2.pitfalls 默认 3 条
  [manifest] warn: No module named 'fix_manifest_discipline'
  ✅ skills/gaokao-major-explorer/data/curated/smart-energy-engineering.json (15s)
  [auto-fix] 智慧能源工程: fixed 1 字段, 剩 0 strong

→ 仿生科学与工程 (eng)
  [synth] raw keys: ['title', 'slug', 'style', 'category', 'degree', 'duration_years', 'tags', 'difficulty']
  [fallback] overview_v2.pitfalls 默认 3 条
  [manifest] warn: No module named 'fix_manifest_discipline'
  ✅ skills/gaokao-major-explorer/data/curated/bionic-science-engineering.json (17s)
  [auto-fix] 仿生科学与工程: fixed 0 字段, 剩 0 strong

→ 智能采矿工程 (eng)
  [synth] raw keys: ['title', 'slug', 'style', 'category', 'degree', 'duration_years', 'tags', 'difficulty']
  [fallback] overview_v2.pitfalls 默认 3 条
  [manifest] warn: No module named 'fix_manifest_discipline'
  ✅ skills/gaokao-major-explorer/data/curated/intelligent-mining-engineering.json (16s)
  [auto-fix] 智能采矿工程: fixed 1 字段, 剩 0 strong

→ 量子信息工程 (eng)
  [synth] raw keys: ['title', 'slug', 'style', 'category', 'degree', 'duration_years', 'tags', 'difficulty']
  [fallback] overview_v2.pitfalls 默认 3 条
  [manifest] warn: No module named 'fix_manifest_discipline'
  ✅ skills/gaokao-major-explorer/data/curated/quantum-information-engineering.json (15s)
  [auto-fix] 量子信息工程: fixed 0 字段, 剩 0 strong

→ 工业智能 (eng)
  [synth] raw keys: ['title', 'slug', 'style', 'category', 'degree', 'duration_years', 'tags', 'difficulty']
  [fallback] overview_v2.pitfalls 默认 3 条
  [manifest] warn: No module named 'fix_manifest_discipline'
  ✅ skills/gaokao-major-explorer/data/curated/industrial-intelligence.json (14s)
  [auto-fix] 工业智能: fixed 0 字段, 剩 0 strong

→ 区块链工程 (cs)
  [synth] raw keys: ['title', 'slug', 'style', 'category', 'degree', 'duration_years', 'tags', 'difficulty']
  [fallback] overview_v2.pitfalls 默认 3 条
  [manifest] warn: No module named 'fix_manifest_discipline'
  ✅ skills/gaokao-major-explorer/data/curated/blockchain-engineering.json (16s)
  [auto-fix] 区块链工程: fixed 0 字段, 剩 0 strong

→ 密码科学与技术 (cs)
  [synth] raw keys: ['title', 'slug', 'style', 'category', 'degree', 'duration_years', 'tags', 'difficulty']
  [fallback] overview_v2.pitfalls 默认 3 条
  [manifest] warn: No module named 'fix_manifest_discipline'
  ✅ skills/gaokao-major-explorer/data/curated/cryptology-science-technology.json (18s)
  [auto-fix] 密码科学与技术: fixed 0 字段, 剩 0 strong

→ 虚拟现实技术 (cs)
  [synth] raw keys: ['title', 'slug', 'style', 'category', 'degree', 'duration_years', 'tags', 'difficulty']
  [fallback] overview_v2.pitfalls 默认 3 条
  [manifest] warn: No module named 'fix_manifest_discipline'
  ✅ skills/gaokao-major-explorer/data/curated/virtual-reality-technology.json (15s)
  [auto-fix] 虚拟现实技术: fixed 0 字段, 剩 2 strong

→ 数字孪生技术 (cs)
  [synth] raw keys: ['title', 'slug', 'style', 'category', 'degree', 'duration_years', 'tags', 'difficulty']
  [fallback] overview_v2.pitfalls 默认 3 条
  [manifest] warn: No module named 'fix_manifest_discipline'
  ✅ skills/gaokao-major-explorer/data/curated/digital-twin-technology.json (14s)
  [auto-fix] 数字孪生技术: fixed 1 字段, 剩 1 strong

→ 海洋信息技术 (cs)
  [synth] raw keys: ['title', 'slug', 'style', 'category', 'degree', 'duration_years', 'tags', 'difficulty']
  [fallback] overview_v2.pitfalls 默认 3 条
  [manifest] warn: No module named 'fix_manifest_discipline'
  ✅ skills/gaokao-major-explorer/data/curated/marine-information-technology.json (13s)
  [auto-fix] 海洋信息技术: fixed 0 字段, 剩 0 strong

→ 服务科学与工程 (cs)
  [synth] raw keys: ['title', 'slug', 'style', 'category', 'degree', 'duration_years', 'tags', 'difficulty']
  [fallback] overview_v2.pitfalls 默认 3 条
  [manifest] warn: No module named 'fix_manifest_discipline'
  ✅ skills/gaokao-major-explorer/data/curated/service-science-engineering.json (13s)
  [auto-fix] 服务科学与工程: fixed 0 字段, 剩 2 strong

→ 智能医学工程 (medicine)
  [synth] raw keys: ['title', 'slug', 'style', 'category', 'degree', 'duration_years', 'tags', 'difficulty']
  [fallback] overview_v2.pitfalls 默认 3 条
  [manifest] warn: No module named 'fix_manifest_discipline'
  ✅ skills/gaokao-major-explorer/data/curated/intelligent-medical-engineering.json (13s)
  [auto-fix] 智能医学工程: fixed 1 字段, 剩 0 strong

→ 生物医学工程 (medicine)
  [synth] raw keys: ['title', 'slug', 'style', 'category', 'degree', 'duration_years', 'tags', 'difficulty']
  [fallback] overview_v2.pitfalls 默认 3 条
  [manifest] warn: No module named 'fix_manifest_discipline'
  ✅ skills/gaokao-major-explorer/data/curated/biomedical-engineering.json (14s)
  [auto-fix] 生物医学工程: fixed 0 字段, 剩 0 strong

→ 临床工程技术 (medicine)
  [synth] raw keys: ['title', 'slug', 'style', 'category', 'degree', 'duration_years', 'tags', 'difficulty']
  [fallback] overview_v2.pitfalls 默认 3 条
  [manifest] warn: No module named 'fix_manifest_discipline'
  ✅ skills/gaokao-major-explorer/data/curated/clinical-engineering-technology.json (14s)
  [auto-fix] 临床工程技术: fixed 0 字段, 剩 0 strong

→ 听力与言语康复学 (medicine)
  [synth] raw keys: ['title', 'slug', 'style', 'category', 'degree', 'duration_years', 'tags', 'difficulty']
  [fallback] overview_v2.pitfalls 默认 3 条
  [manifest] warn: No module named 'fix_manifest_discipline'
  ✅ skills/gaokao-major-explorer/data/curated/audiology-speech-rehabilitation.json (15s)
  [auto-fix] 听力与言语康复学: fixed 3 字段, 剩 2 strong

→ 眼视光医学 (medicine)
  [synth] fail: mimo 调用失败: HTTP Error 429: Too Many Requests
  ❌ 用时 0s

→ 精神医学 (medicine)
  [synth] fail: mimo 调用失败: HTTP Error 429: Too Many Requests
  ❌ 用时 0s

→ 中医康复学 (medicine)
  [synth] fail: mimo 调用失败: HTTP Error 429: Too Many Requests
  ❌ 用时 0s

→ 食品卫生与营养学 (medicine)
  [synth] fail: mimo 调用失败: HTTP Error 429: Too Many Requests
  ❌ 用时 0s

→ 智慧农业 (agri)
  [synth] fail: mimo 调用失败: HTTP Error 429: Too Many Requests
  ❌ 用时 0s

→ 农业智能装备工程 (agri)
  [synth] fail: mimo 调用失败: HTTP Error 429: Too Many Requests
  ❌ 用时 0s

→ 土地科学与技术 (agri)
  [synth] fail: mimo 调用失败: HTTP Error 429: Too Many Requests
  ❌ 用时 0s

============================================================
完成: 18/25 成功, 7 失败, 用时 293s

失败清单:
  ❌ 眼视光医学 (ophthalmology-optometry): synth fail
  ❌ 精神医学 (psychiatry): synth fail
  ❌ 中医康复学 (tcm-rehabilitation): synth fail
  ❌ 食品卫生与营养学 (food-hygiene-nutrition): synth fail
  ❌ 智慧农业 (smart-agriculture): synth fail
  ❌ 农业智能装备工程 (agricultural-intelligent-equipment-engineering): synth fail
  ❌ 土地科学与技术 (land-science-technology): synth fail
