🧪 准备跑 6 篇, provider=mimo, search=on
  - 金融科技 (business)
  - 跨境电子商务 (business)
  - 大数据管理与应用 (business)
  - 信用管理 (business)
  - 供应链管理 (administration)
  ... (1 more)

→ 金融科技 (business)
  [synth] raw keys: ['title', 'slug', 'style', 'category', 'degree', 'duration_years', 'tags', 'difficulty']
  [fallback] overview_v2.pitfalls 默认 3 条
  [manifest] warn: No module named 'fix_manifest_discipline'
  ✅ skills/gaokao-major-explorer/data/curated/fintech.json (16s)
  [auto-fix] 金融科技: fixed 6 字段, 剩 1 strong

→ 跨境电子商务 (business)
  [synth] raw keys: ['title', 'slug', 'style', 'category', 'degree', 'duration_years', 'tags', 'difficulty']
  [fallback] overview_v2.pitfalls 默认 3 条
  [manifest] warn: No module named 'fix_manifest_discipline'
  ✅ skills/gaokao-major-explorer/data/curated/cross-border-ecommerce.json (16s)
  [auto-fix] 跨境电子商务: fixed 0 字段, 剩 0 strong

→ 大数据管理与应用 (business)
  [synth] raw keys: ['title', 'slug', 'style', 'category', 'degree', 'duration_years', 'tags', 'difficulty']
  [fallback] overview_v2.pitfalls 默认 3 条
  [manifest] warn: No module named 'fix_manifest_discipline'
  ✅ skills/gaokao-major-explorer/data/curated/big-data-management-application.json (16s)
  [auto-fix] 大数据管理与应用: fixed 0 字段, 剩 0 strong

→ 信用管理 (business)
  [synth] raw keys: ['title', 'slug', 'style', 'category', 'degree', 'duration_years', 'tags', 'difficulty']
  [fallback] overview_v2.pitfalls 默认 3 条
  [manifest] warn: No module named 'fix_manifest_discipline'
  ✅ skills/gaokao-major-explorer/data/curated/credit-management.json (17s)
  [auto-fix] 信用管理: fixed 1 字段, 剩 0 strong

→ 供应链管理 (administration)
  [synth] raw keys: ['title', 'slug', 'style', 'category', 'degree', 'duration_years', 'tags', 'difficulty']
  [fallback] overview_v2.pitfalls 默认 3 条
  [manifest] warn: No module named 'fix_manifest_discipline'
  ✅ skills/gaokao-major-explorer/data/curated/supply-chain-management.json (16s)
  [auto-fix] 供应链管理: fixed 0 字段, 剩 0 strong

→ 文化产业管理 (administration)
  [synth] raw keys: ['title', 'slug', 'style', 'category', 'degree', 'duration_years', 'tags', 'difficulty']
  [fallback] overview_v2.pitfalls 默认 3 条
  [manifest] warn: No module named 'fix_manifest_discipline'
  ✅ skills/gaokao-major-explorer/data/curated/cultural-industry-management.json (13s)
  [auto-fix] 文化产业管理: fixed 0 字段, 剩 0 strong

============================================================
完成: 6/6 成功, 0 失败, 用时 107s
