🧪 准备跑 26 篇, provider=mimo, search=on
  - 眼视光医学 (medicine)
  - 精神医学 (medicine)
  - 中医康复学 (medicine)
  - 食品卫生与营养学 (medicine)
  - 智慧农业 (agri)
  ... (21 more)

→ 眼视光医学 (medicine)
  [synth] raw keys: ['title', 'slug', 'style', 'category', 'degree', 'duration_years', 'tags', 'difficulty']
  [fallback] overview_v2.pitfalls 默认 3 条
  [manifest] warn: No module named 'fix_manifest_discipline'
  ✅ skills/gaokao-major-explorer/data/curated/ophthalmology-optometry.json (20s)
  [auto-fix] 眼视光医学: fixed 0 字段, 剩 0 strong

→ 精神医学 (medicine)
  [synth] raw keys: ['title', 'slug', 'style', 'category', 'degree', 'duration_years', 'tags', 'difficulty']
  [fallback] overview_v2.pitfalls 默认 3 条
  [manifest] warn: No module named 'fix_manifest_discipline'
  ✅ skills/gaokao-major-explorer/data/curated/psychiatry.json (15s)
  [auto-fix] 精神医学: fixed 0 字段, 剩 0 strong

→ 中医康复学 (medicine)
  [synth] raw keys: ['title', 'slug', 'style', 'category', 'degree', 'duration_years', 'tags', 'difficulty']
  [fallback] overview_v2.pitfalls 默认 3 条
  [manifest] warn: No module named 'fix_manifest_discipline'
  ✅ skills/gaokao-major-explorer/data/curated/tcm-rehabilitation.json (13s)
  [auto-fix] 中医康复学: fixed 0 字段, 剩 0 strong

→ 食品卫生与营养学 (medicine)
  [synth] raw keys: ['title', 'slug', 'style', 'category', 'degree', 'duration_years', 'tags', 'difficulty']
  [fallback] overview_v2.pitfalls 默认 3 条
  [manifest] warn: No module named 'fix_manifest_discipline'
  ✅ skills/gaokao-major-explorer/data/curated/food-hygiene-nutrition.json (13s)
  [auto-fix] 食品卫生与营养学: fixed 0 字段, 剩 0 strong

→ 智慧农业 (agri)
  [synth] raw keys: ['title', 'slug', 'style', 'category', 'degree', 'duration_years', 'tags', 'difficulty']
  [fallback] overview_v2.pitfalls 默认 3 条
  [manifest] warn: No module named 'fix_manifest_discipline'
  ✅ skills/gaokao-major-explorer/data/curated/smart-agriculture.json (15s)
  [auto-fix] 智慧农业: fixed 1 字段, 剩 0 strong

→ 农业智能装备工程 (agri)
  [synth] raw keys: ['title', 'slug', 'style', 'category', 'degree', 'duration_years', 'tags', 'difficulty']
  [fallback] overview_v2.pitfalls 默认 3 条
  [manifest] warn: No module named 'fix_manifest_discipline'
  ✅ skills/gaokao-major-explorer/data/curated/agricultural-intelligent-equipment-engineering.json (14s)
  [auto-fix] 农业智能装备工程: fixed 0 字段, 剩 0 strong

→ 土地科学与技术 (agri)
  [synth] raw keys: ['title', 'slug', 'style', 'category', 'degree', 'duration_years', 'tags', 'difficulty']
  [fallback] overview_v2.pitfalls 默认 3 条
  [manifest] warn: No module named 'fix_manifest_discipline'
  ✅ skills/gaokao-major-explorer/data/curated/land-science-technology.json (14s)
  [auto-fix] 土地科学与技术: fixed 0 字段, 剩 0 strong

→ 地球信息科学与技术 (sci)
  [synth] raw keys: ['title', 'slug', 'style', 'category', 'degree', 'duration_years', 'tags', 'difficulty']
  [fallback] overview_v2.pitfalls 默认 3 条
  [manifest] warn: No module named 'fix_manifest_discipline'
  ✅ skills/gaokao-major-explorer/data/curated/geoinformation-science-technology.json (15s)
  [auto-fix] 地球信息科学与技术: fixed 0 字段, 剩 0 strong

→ 环境生态工程 (sci)
  [synth] raw keys: ['title', 'slug', 'style', 'category', 'degree', 'duration_years', 'tags', 'difficulty']
  [fallback] overview_v2.pitfalls 默认 3 条
  [manifest] warn: No module named 'fix_manifest_discipline'
  ✅ skills/gaokao-major-explorer/data/curated/environmental-ecological-engineering.json (14s)
  [auto-fix] 环境生态工程: fixed 0 字段, 剩 0 strong

→ 全球气候变化 (sci)
  [synth] raw keys: ['title', 'slug', 'style', 'category', 'degree', 'duration_years', 'tags', 'difficulty']
  [fallback] overview_v2.pitfalls 默认 3 条
  [manifest] warn: No module named 'fix_manifest_discipline'
  ✅ skills/gaokao-major-explorer/data/curated/global-climate-change.json (14s)
  [auto-fix] 全球气候变化: fixed 0 字段, 剩 1 strong

→ 数字人文 (humanities)
  [synth] raw keys: ['title', 'slug', 'style', 'category', 'degree', 'duration_years', 'tags', 'difficulty']
  [fallback] overview_v2.pitfalls 默认 3 条
  [manifest] warn: No module named 'fix_manifest_discipline'
  ✅ skills/gaokao-major-explorer/data/curated/digital-humanities.json (13s)
  [auto-fix] 数字人文: fixed 0 字段, 剩 1 strong

→ 体育经济与管理 (humanities)
  [synth] raw keys: ['title', 'slug', 'style', 'category', 'degree', 'duration_years', 'tags', 'difficulty']
  [fallback] overview_v2.pitfalls 默认 3 条
  [manifest] warn: No module named 'fix_manifest_discipline'
  ✅ skills/gaokao-major-explorer/data/curated/sports-economy-management.json (14s)
  [auto-fix] 体育经济与管理: fixed 1 字段, 剩 0 strong

→ 文物与博物馆学 (humanities)
  [synth] raw keys: ['title', 'slug', 'style', 'category', 'degree', 'duration_years', 'tags', 'difficulty']
  [fallback] overview_v2.pitfalls 默认 3 条
  [manifest] warn: No module named 'fix_manifest_discipline'
  ✅ skills/gaokao-major-explorer/data/curated/cultural-relics-museology.json (15s)
  [auto-fix] 文物与博物馆学: fixed 0 字段, 剩 0 strong

→ 国际新闻与传播 (humanities)
  [synth] raw keys: ['title', 'slug', 'style', 'category', 'degree', 'duration_years', 'tags', 'difficulty']
  [fallback] overview_v2.pitfalls 默认 3 条
  [manifest] warn: No module named 'fix_manifest_discipline'
  ✅ skills/gaokao-major-explorer/data/curated/international-journalism-communication.json (14s)
  [auto-fix] 国际新闻与传播: fixed 0 字段, 剩 0 strong

→ 计算语言学 (humanities)
  [synth] raw keys: ['title', 'slug', 'style', 'category', 'degree', 'duration_years', 'tags', 'difficulty']
  [fallback] overview_v2.pitfalls 默认 3 条
  [manifest] warn: No module named 'fix_manifest_discipline'
  ✅ skills/gaokao-major-explorer/data/curated/computational-linguistics.json (14s)
  [auto-fix] 计算语言学: fixed 0 字段, 剩 2 strong

→ 民族学 (humanities)
  [synth] raw keys: ['title', 'slug', 'style', 'category', 'degree', 'duration_years', 'tags', 'difficulty']
  [fallback] overview_v2.pitfalls 默认 3 条
  [manifest] warn: No module named 'fix_manifest_discipline'
  ✅ skills/gaokao-major-explorer/data/curated/ethnology.json (14s)
  [auto-fix] 民族学: fixed 0 字段, 剩 0 strong

→ 金融法 (law)
  [synth] raw keys: ['title', 'slug', 'style', 'category', 'degree', 'duration_years', 'tags', 'difficulty']
  [fallback] overview_v2.pitfalls 默认 3 条
  [manifest] warn: No module named 'fix_manifest_discipline'
  ✅ skills/gaokao-major-explorer/data/curated/financial-law.json (15s)
  [auto-fix] 金融法: fixed 3 字段, 剩 1 strong

→ 网络与信息法学 (law)
  [synth] raw keys: ['title', 'slug', 'style', 'category', 'degree', 'duration_years', 'tags', 'difficulty']
  [fallback] overview_v2.pitfalls 默认 3 条
  [manifest] warn: No module named 'fix_manifest_discipline'
  ✅ skills/gaokao-major-explorer/data/curated/cyber-information-law.json (14s)
  [auto-fix] 网络与信息法学: fixed 0 字段, 剩 1 strong

→ 环境与资源保护法学 (law)
  [synth] raw keys: ['title', 'slug', 'style', 'category', 'degree', 'duration_years', 'tags', 'difficulty']
  [fallback] overview_v2.pitfalls 默认 3 条
  [manifest] warn: No module named 'fix_manifest_discipline'
  ✅ skills/gaokao-major-explorer/data/curated/environmental-resource-protection-law.json (12s)
  [auto-fix] 环境与资源保护法学: fixed 1 字段, 剩 0 strong

→ 数字经济 (business)
  [synth] raw keys: ['title', 'slug', 'style', 'category', 'degree', 'duration_years', 'tags', 'difficulty']
  [fallback] overview_v2.pitfalls 默认 3 条
  [manifest] warn: No module named 'fix_manifest_discipline'
  ✅ skills/gaokao-major-explorer/data/curated/digital-economy.json (13s)
  [auto-fix] 数字经济: fixed 1 字段, 剩 3 strong

→ 金融科技 (business)
  [synth] fail: mimo 调用失败: HTTP Error 429: Too Many Requests
  ❌ 用时 0s

→ 跨境电子商务 (business)
  [synth] fail: mimo 调用失败: HTTP Error 429: Too Many Requests
  ❌ 用时 0s

→ 大数据管理与应用 (business)
  [synth] fail: mimo 调用失败: HTTP Error 429: Too Many Requests
  ❌ 用时 0s

→ 信用管理 (business)
  [synth] fail: mimo 调用失败: HTTP Error 429: Too Many Requests
  ❌ 用时 0s

→ 供应链管理 (administration)
  [synth] fail: mimo 调用失败: HTTP Error 429: Too Many Requests
  ❌ 用时 0s

→ 文化产业管理 (administration)
  [synth] fail: mimo 调用失败: HTTP Error 429: Too Many Requests
  ❌ 用时 0s

============================================================
完成: 20/26 成功, 6 失败, 用时 308s

失败清单:
  ❌ 金融科技 (fintech): synth fail
  ❌ 跨境电子商务 (cross-border-ecommerce): synth fail
  ❌ 大数据管理与应用 (big-data-management-application): synth fail
  ❌ 信用管理 (credit-management): synth fail
  ❌ 供应链管理 (supply-chain-management): synth fail
  ❌ 文化产业管理 (cultural-industry-management): synth fail
