🧪 准备跑 25 篇, provider=mimo, search=on
  - 农村区域发展 (agri)
  - 海洋渔业科学与技术 (agri)
  - 生物信息学 (sci)
  - 化学生物学 (sci)
  - 地球信息科学与技术 (sci)
  ... (20 more)

→ 农村区域发展 (agri)
  [synth] raw keys: ['title', 'slug', 'style', 'category', 'degree', 'duration_years', 'tags', 'difficulty']
  [fallback] overview_v2.pitfalls 默认 3 条
  [manifest] warn: No module named 'fix_manifest_discipline'
  ✅ skills/gaokao-major-explorer/data/curated/rural-regional-development.json (13s)
  [auto-fix] 农村区域发展: fixed 0 字段, 剩 0 strong

→ 海洋渔业科学与技术 (agri)
  [synth] raw keys: ['title', 'slug', 'style', 'category', 'degree', 'duration_years', 'tags', 'difficulty']
  [fallback] overview_v2.pitfalls 默认 3 条
  [manifest] warn: No module named 'fix_manifest_discipline'
  ✅ skills/gaokao-major-explorer/data/curated/marine-fishery-science-technology.json (14s)
  [auto-fix] 海洋渔业科学与技术: fixed 0 字段, 剩 0 strong

→ 生物信息学 (sci)
  [synth] raw keys: ['title', 'slug', 'style', 'category', 'degree', 'duration_years', 'tags', 'difficulty']
  [fallback] overview_v2.pitfalls 默认 3 条
  [manifest] warn: No module named 'fix_manifest_discipline'
  ✅ skills/gaokao-major-explorer/data/curated/bioinformatics.json (15s)
  [auto-fix] 生物信息学: fixed 0 字段, 剩 0 strong

→ 化学生物学 (sci)
  [synth] raw keys: ['title', 'slug', 'style', 'category', 'degree', 'duration_years', 'tags', 'difficulty']
  [fallback] overview_v2.pitfalls 默认 3 条
  [manifest] warn: No module named 'fix_manifest_discipline'
  ✅ skills/gaokao-major-explorer/data/curated/chemical-biology.json (16s)
  [auto-fix] 化学生物学: fixed 0 字段, 剩 0 strong

→ 地球信息科学与技术 (sci)
  [synth] fail: mimo 调用失败: HTTP Error 429: Too Many Requests
  ❌ 用时 0s

→ 环境生态工程 (sci)
  [synth] fail: mimo 调用失败: HTTP Error 429: Too Many Requests
  ❌ 用时 0s

→ 全球气候变化 (sci)
  [synth] fail: mimo 调用失败: HTTP Error 429: Too Many Requests
  ❌ 用时 0s

→ 数字人文 (humanities)
  [synth] fail: mimo 调用失败: HTTP Error 429: Too Many Requests
  ❌ 用时 0s

→ 体育经济与管理 (humanities)
  [synth] fail: mimo 调用失败: HTTP Error 429: Too Many Requests
  ❌ 用时 0s

→ 文物与博物馆学 (humanities)
  [synth] fail: mimo 调用失败: HTTP Error 429: Too Many Requests
  ❌ 用时 0s

→ 国际新闻与传播 (humanities)
  [synth] fail: mimo 调用失败: HTTP Error 429: Too Many Requests
  ❌ 用时 0s

→ 计算语言学 (humanities)
  [synth] fail: mimo 调用失败: HTTP Error 429: Too Many Requests
  ❌ 用时 0s

→ 民族学 (humanities)
  [synth] fail: mimo 调用失败: HTTP Error 429: Too Many Requests
  ❌ 用时 0s

→ 金融法 (law)
  [synth] fail: mimo 调用失败: HTTP Error 429: Too Many Requests
  ❌ 用时 0s

→ 网络与信息法学 (law)
  [synth] fail: mimo 调用失败: HTTP Error 429: Too Many Requests
  ❌ 用时 0s

→ 体育法 (law)
  [synth] raw keys: ['title', 'slug', 'style', 'category', 'degree', 'duration_years', 'tags', 'difficulty']
  [fallback] overview_v2.pitfalls 默认 3 条
  [manifest] warn: No module named 'fix_manifest_discipline'
  ✅ skills/gaokao-major-explorer/data/curated/sports-law.json (15s)
  [auto-fix] 体育法: fixed 1 字段, 剩 1 strong

→ 卫生健康法学 (law)
  [synth] raw keys: ['title', 'slug', 'style', 'category', 'degree', 'duration_years', 'tags', 'difficulty']
  [fallback] overview_v2.pitfalls 默认 3 条
  [manifest] warn: No module named 'fix_manifest_discipline'
  ✅ skills/gaokao-major-explorer/data/curated/health-law.json (17s)
  [auto-fix] 卫生健康法学: fixed 0 字段, 剩 1 strong

→ 环境与资源保护法学 (law)
  [synth] fail: mimo 调用失败: HTTP Error 429: Too Many Requests
  ❌ 用时 0s

→ 数字经济 (business)
  [synth] fail: mimo 调用失败: HTTP Error 429: Too Many Requests
  ❌ 用时 0s

→ 金融科技 (business)
  [synth] fail: mimo 调用失败: HTTP Error 429: Too Many Requests
  ❌ 用时 0s

→ 跨境电子商务 (business)
  [synth] fail: mimo 调用失败: HTTP Error 429: Too Many Requests
  ❌ 用时 0s

→ 大数据管理与应用 (business)
  [synth] fail: mimo 调用失败: HTTP Error 429: Too Many Requests
  ❌ 用时 0s

→ 信用管理 (business)
  [synth] fail: mimo 调用失败: HTTP Error 429: Too Many Requests
  ❌ 用时 0s

→ 供应链管理 (administration)
  [synth] fail: mimo 调用失败: HTTP Error 429: Too Many Requests
  ❌ 用时 0s

→ 文化产业管理 (administration)
  [synth] fail: mimo 调用失败: HTTP Error 429: Too Many Requests
  ❌ 用时 0s

============================================================
完成: 6/25 成功, 19 失败, 用时 96s

失败清单:
  ❌ 地球信息科学与技术 (geoinformation-science-technology): synth fail
  ❌ 环境生态工程 (environmental-ecological-engineering): synth fail
  ❌ 全球气候变化 (global-climate-change): synth fail
  ❌ 数字人文 (digital-humanities): synth fail
  ❌ 体育经济与管理 (sports-economy-management): synth fail
  ❌ 文物与博物馆学 (cultural-relics-museology): synth fail
  ❌ 国际新闻与传播 (international-journalism-communication): synth fail
  ❌ 计算语言学 (computational-linguistics): synth fail
  ❌ 民族学 (ethnology): synth fail
  ❌ 金融法 (financial-law): synth fail
  ❌ 网络与信息法学 (cyber-information-law): synth fail
  ❌ 环境与资源保护法学 (environmental-resource-protection-law): synth fail
  ❌ 数字经济 (digital-economy): synth fail
  ❌ 金融科技 (fintech): synth fail
  ❌ 跨境电子商务 (cross-border-ecommerce): synth fail
  ❌ 大数据管理与应用 (big-data-management-application): synth fail
  ❌ 信用管理 (credit-management): synth fail
  ❌ 供应链管理 (supply-chain-management): synth fail
  ❌ 文化产业管理 (cultural-industry-management): synth fail
