🧪 准备跑 8 篇, provider=m3, search=on
  - 日语 (humanities)
  - 新闻学 (humanities)
  - 广告学 (humanities)
  - 翻译 (humanities)
  - 播音与主持艺术 (humanities)
  ... (3 more)

→ 日语 (humanities)
  [synth] raw keys: ['alumni_quotes', 'category', 'curriculum', 'data_source', 'deep_study', 'degree', 'difficulty', 'duration_years']
  [fallback] overview_v2.lede 来自 summary
  [fallback] overview_v2.what_you_learn 来自 summary
  [fallback] overview_v2.who_fits_yes 默认 3 条
  [fallback] overview_v2.who_fits_no 默认 2 条
  [fallback] overview_v2.pitfalls 默认 3 条
  audit(mimo): 10.0/10 ✅ drift=[] cost=¥0.0028
  [manifest] warn: No module named 'fix_manifest_discipline'
  ✅ skills/gaokao-major-explorer/data/curated/japanese.json (101s)

→ 新闻学 (humanities)
  [synth] raw keys: ['alumni_quotes', 'category', 'curriculum', 'data_source', 'deep_study', 'degree', 'difficulty', 'duration_years']
  [fallback] curriculum 强制 3 块分类
  [fallback] overview_v2.lede 来自 summary
  [fallback] overview_v2.what_you_learn 来自 summary
  [fallback] overview_v2.who_fits_yes 默认 3 条
  [fallback] overview_v2.who_fits_no 默认 2 条
  [fallback] overview_v2.pitfalls 默认 3 条
  audit(mimo): 9.83/10 ✅ drift=[] cost=¥0.0027
  [manifest] warn: No module named 'fix_manifest_discipline'
  ✅ skills/gaokao-major-explorer/data/curated/journalism.json (255s)

→ 广告学 (humanities)
  [synth] raw keys: ['alumni_quotes', 'category', 'curriculum', 'data_source', 'deep_study', 'degree', 'difficulty', 'duration_years']
  [fallback] overview_v2.lede 来自 summary
  [fallback] overview_v2.what_you_learn 来自 summary
  [fallback] overview_v2.who_fits_yes 默认 3 条
  [fallback] overview_v2.who_fits_no 默认 2 条
  [fallback] overview_v2.pitfalls 默认 3 条
  audit(mimo): 9.09/10 ⚠️ drift=['employment_direction'] cost=¥0.0025
  ⚠️  audit 未达 8 分, 仍然保存 (人工抽审)
  [manifest] warn: No module named 'fix_manifest_discipline'
  ✅ skills/gaokao-major-explorer/data/curated/advertising.json (169s)

→ 翻译 (humanities)
  [synth] raw keys: ['alumni_quotes', 'category', 'curriculum', 'data_source', 'deep_study', 'degree', 'difficulty', 'duration_years']
  [fallback] overview_v2.lede 来自 summary
  [fallback] overview_v2.what_you_learn 来自 summary
  [fallback] overview_v2.who_fits_yes 默认 3 条
  [fallback] overview_v2.who_fits_no 默认 2 条
  [fallback] overview_v2.pitfalls 默认 3 条
  audit(mimo): 9.86/10 ✅ drift=[] cost=¥0.0025
  [manifest] warn: No module named 'fix_manifest_discipline'
  ✅ skills/gaokao-major-explorer/data/curated/translation-interpreting.json (72s)

→ 播音与主持艺术 (humanities)
  [synth] raw keys: ['alumni_quotes', 'category', 'common_electives', 'curriculum', 'data_source', 'deep_study', 'degree', 'difficulty']
  [fallback] curriculum 强制 3 块分类
  [fallback] overview_v2.lede 来自 summary
  [fallback] overview_v2.what_you_learn 来自 summary
  [fallback] overview_v2.who_fits_yes 默认 3 条
  [fallback] overview_v2.who_fits_no 默认 2 条
  [fallback] overview_v2.pitfalls 默认 3 条
  audit(mimo): 10.0/10 ✅ drift=[] cost=¥0.0029
  [manifest] warn: No module named 'fix_manifest_discipline'
  ✅ skills/gaokao-major-explorer/data/curated/broadcasting-hosting.json (90s)

→ 俄语 (humanities)
  [synth] raw keys: ['alumni_quotes', 'category', 'curriculum', 'data_source', 'deep_study', 'degree', 'difficulty', 'duration_years']
  [fallback] overview_v2.lede 来自 summary
  [fallback] overview_v2.what_you_learn 来自 summary
  [fallback] overview_v2.who_fits_yes 默认 3 条
  [fallback] overview_v2.who_fits_no 默认 2 条
  [fallback] overview_v2.pitfalls 默认 3 条
  audit(mimo): 9.94/10 ✅ drift=[] cost=¥0.0026
  [manifest] warn: No module named 'fix_manifest_discipline'
  ✅ skills/gaokao-major-explorer/data/curated/russian.json (80s)

→ 应用语言学 (humanities)
  [synth] raw keys: ['alumni_quotes', 'category', 'curriculum', 'data_source', 'deep_study', 'degree', 'difficulty', 'duration_years']
  [fallback] salary 用默认 placeholder
  [fallback] curriculum 强制 3 块分类
  [fallback] overview_v2.lede 来自 summary
  [fallback] overview_v2.what_you_learn 来自 summary
  [fallback] overview_v2.who_fits_yes 默认 3 条
  [fallback] overview_v2.who_fits_no 默认 2 条
  [fallback] overview_v2.pitfalls 默认 3 条
  audit(mimo): 9.95/10 ✅ drift=[] cost=¥0.0022
  [manifest] warn: No module named 'fix_manifest_discipline'
  ✅ skills/gaokao-major-explorer/data/curated/applied-linguistics.json (32s)

→ 思想政治教育 (law)
  [synth] raw keys: ['alumni_quotes', 'category', 'curriculum', 'data_source', 'deep_study', 'degree', 'difficulty', 'duration_years']
  [fallback] salary 用默认 placeholder
  [fallback] curriculum 强制 3 块分类
  [fallback] overview_v2.lede 来自 summary
  [fallback] overview_v2.what_you_learn 来自 summary
  [fallback] overview_v2.who_fits_yes 默认 3 条
  [fallback] overview_v2.who_fits_no 默认 2 条
  [fallback] overview_v2.pitfalls 默认 3 条
  audit(mimo): 9.95/10 ✅ drift=[] cost=¥0.0020
  [manifest] warn: No module named 'fix_manifest_discipline'
  ✅ skills/gaokao-major-explorer/data/curated/ideological-political-education.json (119s)

============================================================
完成: 8/8 成功, 1 失败, 用时 917s

失败清单:
  ❌ 广告学 (advertising): audit warn (9.09/10, drift=['employment_direction'])
