🧪 准备跑 12 篇, provider=m3, search=on
  - 国际法 (law)
  - 经济法 (law)
  - 刑法 (law)
  - 民法 (law)
  - 商法 (law)
  ... (7 more)

→ 国际法 (law)
  [synth] raw keys: ['alumni_quotes', 'category', 'curriculum', 'data_source', 'deep_study', 'degree', 'difficulty', 'duration_years']
  [fallback] overview_v2.lede 来自 summary
  [fallback] overview_v2.what_you_learn 来自 summary
  [fallback] overview_v2.who_fits_yes 默认 3 条
  [fallback] overview_v2.who_fits_no 默认 2 条
  [fallback] overview_v2.pitfalls 默认 3 条
  ✅ skills/gaokao-major-explorer/data/curated/international-law.json (74s)

→ 经济法 (law)
  [synth] raw keys: ['alumni_quotes', 'category', 'curriculum', 'data_source', 'deep_study', 'degree', 'difficulty', 'duration_years']
  [fallback] overview_v2.lede 来自 summary
  [fallback] overview_v2.what_you_learn 来自 summary
  [fallback] overview_v2.who_fits_yes 默认 3 条
  [fallback] overview_v2.who_fits_no 默认 2 条
  [fallback] overview_v2.pitfalls 默认 3 条
  ✅ skills/gaokao-major-explorer/data/curated/economic-law.json (85s)

→ 刑法 (law)
  [synth] fail: m3 调用失败: Error code: 500 - {'type': 'error', 'error': {'type': 'api_error', 'message': 'output new_sensitive (1027)'}, 'request_id': '067d1ddcb3e7af073f43854f15dbddeb'}
  ❌ 用时 254s

→ 民法 (law)
  [synth] raw keys: ['alumni_quotes', 'category', 'curriculum', 'data_source', 'deep_study', 'degree', 'difficulty', 'duration_years']
  [fallback] overview_v2.lede 来自 summary
  [fallback] overview_v2.what_you_learn 来自 summary
  [fallback] overview_v2.who_fits_yes 默认 3 条
  [fallback] overview_v2.who_fits_no 默认 2 条
  [fallback] overview_v2.pitfalls 默认 3 条
  ✅ skills/gaokao-major-explorer/data/curated/civil-law-jurisprudence.json (179s)

→ 商法 (law)
  [synth] raw keys: ['alumni_quotes', 'category', 'curriculum', 'data_source', 'degree', 'difficulty', 'duration_years', 'employment_direction']
  [fallback] salary 用默认 placeholder
  [fallback] curriculum 强制 3 块分类
  [fallback] overview_v2.lede 来自 summary
  [fallback] overview_v2.what_you_learn 来自 summary
  [fallback] overview_v2.who_fits_yes 默认 3 条
  [fallback] overview_v2.who_fits_no 默认 2 条
  [fallback] overview_v2.pitfalls 默认 3 条
  ✅ skills/gaokao-major-explorer/data/curated/commercial-law.json (14s)

→ 行政法 (law)
  [synth] raw keys: ['alumni_quotes', 'category', 'curriculum', 'data_source', 'deep_study', 'degree', 'difficulty', 'duration_years']
  [fallback] salary 用默认 placeholder
  [fallback] curriculum 强制 3 块分类
  [fallback] overview_v2.lede 来自 summary
  [fallback] overview_v2.what_you_learn 来自 summary
  [fallback] overview_v2.who_fits_yes 默认 3 条
  [fallback] overview_v2.who_fits_no 默认 2 条
  [fallback] overview_v2.pitfalls 默认 3 条
  ✅ skills/gaokao-major-explorer/data/curated/administrative-law.json (21s)

→ 监狱学 (gongan)
  [synth] raw keys: ['alumni_quotes', 'category', 'curriculum', 'data_source', 'deep_study', 'degree', 'difficulty', 'duration_years']
  [fallback] curriculum 强制 3 块分类
  [fallback] overview_v2.lede 来自 summary
  [fallback] overview_v2.what_you_learn 来自 summary
  [fallback] overview_v2.who_fits_yes 默认 3 条
  [fallback] overview_v2.who_fits_no 默认 2 条
  [fallback] overview_v2.pitfalls 默认 3 条
  ✅ skills/gaokao-major-explorer/data/curated/prison-studies.json (79s)

→ 禁毒学 (gongan)
  [synth] raw keys: ['alumni_quotes', 'category', 'curriculum', 'data_source', 'deep_study', 'degree', 'difficulty', 'duration_years']
  [fallback] overview_v2.lede 来自 summary
  [fallback] overview_v2.what_you_learn 来自 summary
  [fallback] overview_v2.who_fits_yes 默认 3 条
  [fallback] overview_v2.who_fits_no 默认 2 条
  [fallback] overview_v2.pitfalls 默认 3 条
  ✅ skills/gaokao-major-explorer/data/curated/drug-control.json (46s)

→ 犯罪学 (gongan)
  [synth] raw keys: ['alumni_quotes', 'category', 'curriculum', 'data_source', 'deep_study', 'degree', 'difficulty', 'duration_years']
  [fallback] overview_v2.lede 来自 summary
  [fallback] overview_v2.what_you_learn 来自 summary
  [fallback] overview_v2.who_fits_yes 默认 3 条
  [fallback] overview_v2.who_fits_no 默认 2 条
  [fallback] overview_v2.pitfalls 默认 3 条
  ✅ skills/gaokao-major-explorer/data/curated/criminology.json (90s)

→ 涉外警务 (gongan)
  [synth] raw keys: ['alumni_quotes', 'category', 'curriculum', 'data_source', 'deep_study', 'degree', 'difficulty', 'duration_years']
  [fallback] overview_v2.lede 来自 summary
  [fallback] overview_v2.what_you_learn 来自 summary
  [fallback] overview_v2.who_fits_yes 默认 3 条
  [fallback] overview_v2.who_fits_no 默认 2 条
  [fallback] overview_v2.pitfalls 默认 3 条
  ✅ skills/gaokao-major-explorer/data/curated/foreign-police.json (69s)

→ 民事诉讼法 (law)
  [synth] raw keys: ['alumni_quotes', 'category', 'curriculum', 'data_source', 'deep_study', 'degree', 'difficulty', 'duration_years']
  [fallback] salary 用默认 placeholder
  [fallback] curriculum 强制 3 块分类
  [fallback] overview_v2.lede 来自 summary
  [fallback] overview_v2.what_you_learn 来自 summary
  [fallback] overview_v2.who_fits_yes 默认 3 条
  [fallback] overview_v2.who_fits_no 默认 2 条
  [fallback] overview_v2.pitfalls 默认 3 条
  ✅ skills/gaokao-major-explorer/data/curated/civil-procedure.json (28s)

→ 刑事诉讼法 (law)
  [synth] raw keys: ['alumni_quotes', 'category', 'curriculum', 'data_source', 'deep_study', 'degree', 'difficulty', 'duration_years']
  [fallback] salary 用默认 placeholder
  [fallback] curriculum 强制 3 块分类
  [fallback] overview_v2.lede 来自 summary
  [fallback] overview_v2.what_you_learn 来自 summary
  [fallback] overview_v2.who_fits_yes 默认 3 条
  [fallback] overview_v2.who_fits_no 默认 2 条
  [fallback] overview_v2.pitfalls 默认 3 条
  ✅ skills/gaokao-major-explorer/data/curated/criminal-procedure.json (207s)

============================================================
完成: 11/12 成功, 1 失败, 用时 1146s

失败清单:
  ❌ 刑法 (criminal-law): synth fail
