🧪 准备跑 9 篇, provider=m3, search=on
  - 医学影像学 (medicine)
  - 口腔医学 (medicine)
  - 中医学 (medicine)
  - 麻醉学 (medicine)
  - 中药学 (medicine)
  ... (4 more)

→ 医学影像学 (medicine)
  [synth] raw keys: ['alumni_quotes', 'category', 'curriculum', 'data_source', 'deep_study', 'degree', 'difficulty', 'duration_years']
  [fallback] overview_v2.lede 来自 summary
  [fallback] overview_v2.what_you_learn 来自 summary
  [fallback] overview_v2.who_fits_yes 默认 3 条
  [fallback] overview_v2.who_fits_no 默认 2 条
  [fallback] overview_v2.pitfalls 默认 3 条
  audit(mimo): 9.89/10 ✅ drift=[] cost=¥0.0026
  [manifest] warn: No module named 'fix_manifest_discipline'
  ✅ skills/gaokao-major-explorer/data/curated/medical-imaging.json (86s)

→ 口腔医学 (medicine)
  [synth] raw keys: ['alumni_quotes', 'category', 'curriculum', 'data_source', 'deep_study', 'degree', 'difficulty', 'duration_years']
  [fallback] overview_v2.lede 来自 summary
  [fallback] overview_v2.what_you_learn 来自 summary
  [fallback] overview_v2.who_fits_yes 默认 3 条
  [fallback] overview_v2.who_fits_no 默认 2 条
  [fallback] overview_v2.pitfalls 默认 3 条
  audit(mimo): 10.0/10 ✅ drift=[] cost=¥0.0028
  [manifest] warn: No module named 'fix_manifest_discipline'
  ✅ skills/gaokao-major-explorer/data/curated/stomatology.json (111s)

→ 中医学 (medicine)
  [synth] raw keys: ['alumni_quotes', 'category', 'curriculum', 'data_source', 'deep_study', 'degree', 'difficulty', 'duration_years']
  [fallback] overview_v2.lede 来自 summary
  [fallback] overview_v2.what_you_learn 来自 summary
  [fallback] overview_v2.who_fits_yes 默认 3 条
  [fallback] overview_v2.who_fits_no 默认 2 条
  [fallback] overview_v2.pitfalls 默认 3 条
  audit(mimo): 10.0/10 ✅ drift=[] cost=¥0.0028
  [manifest] warn: No module named 'fix_manifest_discipline'
  ✅ skills/gaokao-major-explorer/data/curated/traditional-chinese-medicine.json (118s)

→ 麻醉学 (medicine)
  [synth] raw keys: ['alumni_quotes', 'category', 'curriculum', 'data_source', 'deep_study', 'degree', 'difficulty', 'duration_years']
  [fallback] overview_v2.lede 来自 summary
  [fallback] overview_v2.what_you_learn 来自 summary
  [fallback] overview_v2.who_fits_yes 默认 3 条
  [fallback] overview_v2.who_fits_no 默认 2 条
  [fallback] overview_v2.pitfalls 默认 3 条
  audit(mimo): 9.6/10 ⚠️ drift=['overview_v2'] cost=¥0.0028
  ⚠️  audit 未达 8 分, 仍然保存 (人工抽审)
  [manifest] warn: No module named 'fix_manifest_discipline'
  ✅ skills/gaokao-major-explorer/data/curated/anesthesiology.json (124s)

→ 中药学 (medicine)
  [synth] raw keys: ['alumni_quotes', 'category', 'curriculum', 'data_source', 'deep_study', 'degree', 'difficulty', 'duration_years']
  [fallback] overview_v2.lede 来自 summary
  [fallback] overview_v2.what_you_learn 来自 summary
  [fallback] overview_v2.who_fits_yes 默认 3 条
  [fallback] overview_v2.who_fits_no 默认 2 条
  [fallback] overview_v2.pitfalls 默认 3 条
  audit(mimo): 10.0/10 ✅ drift=[] cost=¥0.0026
  [manifest] warn: No module named 'fix_manifest_discipline'
  ✅ skills/gaokao-major-explorer/data/curated/traditional-chinese-pharmacy.json (200s)

→ 医学检验技术 (medicine)
  [synth] raw keys: ['alumni_quotes', 'category', 'curriculum', 'data_source', 'deep_study', 'degree', 'difficulty', 'duration_years']
  [fallback] overview_v2.lede 来自 summary
  [fallback] overview_v2.what_you_learn 来自 summary
  [fallback] overview_v2.who_fits_yes 默认 3 条
  [fallback] overview_v2.who_fits_no 默认 2 条
  [fallback] overview_v2.pitfalls 默认 3 条
  audit(mimo): 9.83/10 ✅ drift=[] cost=¥0.0029
  [manifest] warn: No module named 'fix_manifest_discipline'
  ✅ skills/gaokao-major-explorer/data/curated/medical-laboratory-science.json (80s)

→ 康复治疗学 (medicine)
  [synth] raw keys: ['alumni_quotes', 'category', 'curriculum', 'data_source', 'deep_study', 'degree', 'difficulty', 'duration_years']
  [fallback] overview_v2.lede 来自 summary
  [fallback] overview_v2.what_you_learn 来自 summary
  [fallback] overview_v2.who_fits_yes 默认 3 条
  [fallback] overview_v2.who_fits_no 默认 2 条
  [fallback] overview_v2.pitfalls 默认 3 条
  audit(mimo): 10.0/10 ✅ drift=[] cost=¥0.0033
  [manifest] warn: No module named 'fix_manifest_discipline'
  ✅ skills/gaokao-major-explorer/data/curated/rehabilitation-therapy.json (225s)

→ 动物科学 (agri)
  [synth] raw keys: ['alumni_quotes', 'category', 'curriculum', 'data_source', 'deep_study', 'degree', 'difficulty', 'duration_years']
  [fallback] overview_v2.lede 来自 summary
  [fallback] overview_v2.what_you_learn 来自 summary
  [fallback] overview_v2.who_fits_yes 默认 3 条
  [fallback] overview_v2.who_fits_no 默认 2 条
  [fallback] overview_v2.pitfalls 默认 3 条
  audit(mimo): 10.0/10 ✅ drift=[] cost=¥0.0026
  [manifest] warn: No module named 'fix_manifest_discipline'
  ✅ skills/gaokao-major-explorer/data/curated/animal-science.json (121s)

→ 园艺 (agri)
  [synth] raw keys: ['alumni_quotes', 'category', 'curriculum', 'data_source', 'deep_study', 'degree', 'difficulty', 'duration_years']
  [fallback] curriculum 强制 3 块分类
  [fallback] overview_v2.lede 来自 summary
  [fallback] overview_v2.what_you_learn 来自 summary
  [fallback] overview_v2.who_fits_yes 默认 3 条
  [fallback] overview_v2.who_fits_no 默认 2 条
  [fallback] overview_v2.pitfalls 默认 3 条
  audit(mimo): 10.0/10 ✅ drift=[] cost=¥0.0025
  [manifest] warn: No module named 'fix_manifest_discipline'
  ✅ skills/gaokao-major-explorer/data/curated/horticulture.json (92s)

============================================================
完成: 9/9 成功, 1 失败, 用时 1158s

失败清单:
  ❌ 麻醉学 (anesthesiology): audit warn (9.6/10, drift=['overview_v2'])
