🚀 升级 25 篇, mimo 字段级重写
[1/25] big-data-management-application: ✅ deep_study,alumni_quotes,pitfalls,employment_direction (4 字段目标)
[2/25] bioinformatics: ✅ deep_study,alumni_quotes,pitfalls,employment_direction (4 字段目标)
[3/25] chemical-biology: ✅ deep_study,alumni_quotes,pitfalls,employment_direction (4 字段目标)
[4/25] computational-linguistics: mimo err: mimo 调用失败: HTTP Error 429: Too Many Requests
[5/25] credit-management: mimo err: mimo 调用失败: HTTP Error 429: Too Many Requests
[6/25] cross-border-ecommerce: ✅ deep_study,alumni_quotes,pitfalls,employment_direction (4 字段目标)
[7/25] cultural-industry-management: ✅ deep_study,alumni_quotes,pitfalls,employment_direction (4 字段目标)
[8/25] cultural-relics-museology: ✅ deep_study,alumni_quotes,pitfalls,employment_direction (4 字段目标)
[9/25] cyber-information-law: ✅ deep_study,alumni_quotes,pitfalls,employment_direction (4 字段目标)
[10/25] digital-economy: mimo err: mimo 调用失败: HTTP Error 429: Too Many Requests
[11/25] digital-humanities: mimo err: mimo 调用失败: HTTP Error 429: Too Many Requests
[12/25] environmental-ecological-engineering: ✅ deep_study,alumni_quotes,pitfalls,employment_direction (4 字段目标)
[13/25] environmental-resource-protection-law: ✅ deep_study,alumni_quotes,pitfalls,employment_direction (4 字段目标)
[14/25] ethnology: ✅ deep_study,alumni_quotes,pitfalls,employment_direction (4 字段目标)
[15/25] financial-law: mimo err: mimo 调用失败: HTTP Error 429: Too Many Requests
[16/25] fintech: mimo err: mimo 调用失败: HTTP Error 429: Too Many Requests
[17/25] geoinformation-science-technology: ✅ deep_study,alumni_quotes,pitfalls,employment_direction (4 字段目标)
[18/25] global-climate-change: ✅ deep_study,alumni_quotes,pitfalls,employment_direction (4 字段目标)
[19/25] health-law: ✅ deep_study,alumni_quotes,pitfalls,employment_direction (4 字段目标)
[20/25] international-journalism-communication: mimo err: mimo 调用失败: HTTP Error 429: Too Many Requests
[21/25] marine-fishery-science-technology: mimo err: mimo 调用失败: HTTP Error 429: Too Many Requests
[22/25] rural-regional-development: ✅ deep_study,alumni_quotes,pitfalls,employment_direction (4 字段目标)
[23/25] sports-economy-management: ✅ deep_study,alumni_quotes,pitfalls,employment_direction (4 字段目标)
[24/25] sports-law: ✅ deep_study,alumni_quotes,pitfalls,employment_direction (4 字段目标)
[25/25] supply-chain-management: mimo err: mimo 调用失败: HTTP Error 429: Too Many Requests

============================================================
✅ 升级成功: 16
⚠️  无变化:  0
❌ 失败:    9
  computational-linguistics: mimo err: mimo 调用失败: HTTP Error 429: Too Many Requests
  credit-management: mimo err: mimo 调用失败: HTTP Error 429: Too Many Requests
  digital-economy: mimo err: mimo 调用失败: HTTP Error 429: Too Many Requests
  digital-humanities: mimo err: mimo 调用失败: HTTP Error 429: Too Many Requests
  financial-law: mimo err: mimo 调用失败: HTTP Error 429: Too Many Requests
  fintech: mimo err: mimo 调用失败: HTTP Error 429: Too Many Requests
  international-journalism-communication: mimo err: mimo 调用失败: HTTP Error 429: Too Many Requests
  marine-fishery-science-technology: mimo err: mimo 调用失败: HTTP Error 429: Too Many Requests
  supply-chain-management: mimo err: mimo 调用失败: HTTP Error 429: Too Many Requests
