🚀 升级 94 篇, mimo 字段级重写
[1/94] advertising: ✅ deep_study,alumni_quotes,pitfalls,employment_direction (4 字段目标)
[2/94] agricultural-intelligent-equipment-engineering: ✅ deep_study,alumni_quotes,pitfalls,employment_direction (4 字段目标)
[3/94] anesthesiology: ✅ deep_study,alumni_quotes,pitfalls,employment_direction (4 字段目标)
[4/94] animal-science: ✅ deep_study,alumni_quotes,pitfalls,employment_direction (4 字段目标)
[5/94] applied-linguistics: ✅ deep_study,alumni_quotes,pitfalls,employment_direction (4 字段目标)
[6/94] audiology-speech-rehabilitation: ✅ deep_study,alumni_quotes,pitfalls,employment_direction (4 字段目标)
[7/94] big-data-management-application: ✅ deep_study,alumni_quotes,pitfalls,employment_direction (4 字段目标)
[8/94] bioinformatics: ✅ deep_study,alumni_quotes,pitfalls,employment_direction (4 字段目标)
[9/94] biological-engineering: ✅ deep_study,alumni_quotes,pitfalls,employment_direction (4 字段目标)
[10/94] biomedical-engineering: ✅ deep_study,alumni_quotes,pitfalls,employment_direction (4 字段目标)
[11/94] bionic-science-engineering: ✅ deep_study,alumni_quotes,pitfalls,employment_direction (4 字段目标)
[12/94] biopharmaceutical-engineering: ✅ deep_study,alumni_quotes,pitfalls,employment_direction (4 字段目标)
[13/94] blockchain-engineering: ✅ deep_study,alumni_quotes,pitfalls,employment_direction (4 字段目标)
[14/94] broadcasting-hosting: ✅ deep_study,alumni_quotes,pitfalls,employment_direction (4 字段目标)
[15/94] chemical-biology: ✅ deep_study,alumni_quotes,pitfalls,employment_direction (4 字段目标)
[16/94] clinical-engineering-technology: ✅ deep_study,alumni_quotes,pitfalls,employment_direction (4 字段目标)
[17/94] computational-linguistics: ✅ deep_study,alumni_quotes,pitfalls,employment_direction (4 字段目标)
[18/94] credit-management: ✅ deep_study,alumni_quotes,pitfalls,employment_direction (4 字段目标)
[19/94] cross-border-ecommerce: ✅ deep_study,alumni_quotes,pitfalls,employment_direction (4 字段目标)
[20/94] cryptology-science-technology: ✅ deep_study,alumni_quotes,pitfalls,employment_direction (4 字段目标)
[21/94] cultural-industry-management: ✅ deep_study,alumni_quotes,pitfalls,employment_direction (4 字段目标)
[22/94] cultural-relics-museology: ✅ deep_study,alumni_quotes,pitfalls,employment_direction (4 字段目标)
[23/94] cyber-information-law: ✅ deep_study,alumni_quotes,pitfalls,employment_direction (4 字段目标)
[24/94] digital-economy: ✅ deep_study,alumni_quotes,pitfalls,employment_direction (4 字段目标)
[25/94] digital-humanities: ✅ deep_study,alumni_quotes,pitfalls,employment_direction (4 字段目标)
[26/94] digital-media-technology: ✅ deep_study,alumni_quotes,pitfalls,employment_direction (4 字段目标)
[27/94] digital-twin-technology: ✅ deep_study,alumni_quotes,pitfalls,employment_direction (4 字段目标)
[28/94] electronic-science-technology: ✅ deep_study,alumni_quotes,pitfalls,employment_direction (4 字段目标)
[29/94] energy-power-engineering: ✅ deep_study,alumni_quotes,pitfalls,employment_direction (4 字段目标)
[30/94] energy-storage-science-engineering: ✅ deep_study,alumni_quotes,pitfalls,employment_direction (4 字段目标)
[31/94] engineering-mechanics: ✅ deep_study,alumni_quotes,pitfalls,employment_direction (4 字段目标)
[32/94] environmental-ecological-engineering: ✅ deep_study,alumni_quotes,pitfalls,employment_direction (4 字段目标)
[33/94] environmental-engineering: ✅ deep_study,alumni_quotes,pitfalls,employment_direction (4 字段目标)
[34/94] environmental-resource-protection-law: ✅ deep_study,alumni_quotes,pitfalls,employment_direction (4 字段目标)
[35/94] environmental-science: ✅ deep_study,alumni_quotes,pitfalls,employment_direction (4 字段目标)
[36/94] ethnology: ✅ deep_study,alumni_quotes,pitfalls,employment_direction (4 字段目标)
[37/94] financial-law: ✅ deep_study,alumni_quotes,pitfalls,employment_direction (4 字段目标)
[38/94] fintech: ✅ deep_study,alumni_quotes,pitfalls,employment_direction (4 字段目标)
[39/94] food-hygiene-nutrition: ✅ deep_study,alumni_quotes,pitfalls,employment_direction (4 字段目标)
[40/94] geoinformation-science-technology: ✅ deep_study,alumni_quotes,pitfalls,employment_direction (4 字段目标)
[41/94] geological-engineering: ✅ deep_study,alumni_quotes,pitfalls,employment_direction (4 字段目标)
[42/94] global-climate-change: ✅ deep_study,alumni_quotes,pitfalls,employment_direction (4 字段目标)
[43/94] health-law: ✅ deep_study,alumni_quotes,pitfalls,employment_direction (4 字段目标)
[44/94] horticulture: ✅ deep_study,alumni_quotes,pitfalls,employment_direction (4 字段目标)
[45/94] hydraulic-engineering: ✅ deep_study,alumni_quotes,pitfalls,employment_direction (4 字段目标)
[46/94] ideological-political-education: ✅ deep_study,alumni_quotes,pitfalls,employment_direction (4 字段目标)
[47/94] industrial-intelligence: ✅ deep_study,alumni_quotes,pitfalls,employment_direction (4 字段目标)
[48/94] information-security: ✅ deep_study,alumni_quotes,pitfalls,employment_direction (4 字段目标)
[49/94] intelligent-construction: ✅ deep_study,alumni_quotes,pitfalls,employment_direction (4 字段目标)
[50/94] intelligent-manufacturing-engineering: ✅ deep_study,alumni_quotes,pitfalls,employment_direction (4 字段目标)
[51/94] intelligent-marine-equipment: ✅ deep_study,alumni_quotes,pitfalls,employment_direction (4 字段目标)
[52/94] intelligent-medical-engineering: ✅ deep_study,alumni_quotes,pitfalls,employment_direction (4 字段目标)
[53/94] intelligent-mining-engineering: ✅ deep_study,alumni_quotes,pitfalls,employment_direction (4 字段目标)
[54/94] intelligent-transportation: ✅ deep_study,alumni_quotes,pitfalls,employment_direction (4 字段目标)
[55/94] intelligent-vehicle-engineering: ✅ deep_study,alumni_quotes,pitfalls,employment_direction (4 字段目标)
[56/94] international-journalism-communication: ✅ deep_study,alumni_quotes,pitfalls,employment_direction (4 字段目标)
[57/94] internet-of-things-engineering: ✅ deep_study,alumni_quotes,pitfalls,employment_direction (4 字段目标)
[58/94] japanese: ✅ deep_study,alumni_quotes,pitfalls,employment_direction (4 字段目标)
[59/94] journalism: ✅ deep_study,alumni_quotes,pitfalls,employment_direction (4 字段目标)
[60/94] land-science-technology: ✅ deep_study,alumni_quotes,pitfalls,employment_direction (4 字段目标)
[61/94] landscape-architecture2: ✅ deep_study,alumni_quotes,pitfalls,employment_direction (4 字段目标)
[62/94] marine-fishery-science-technology: ✅ deep_study,alumni_quotes,pitfalls,employment_direction (4 字段目标)
[63/94] marine-information-technology: ✅ deep_study,alumni_quotes,pitfalls,employment_direction (4 字段目标)
[64/94] materials-forming-control-engineering: ✅ deep_study,alumni_quotes,pitfalls,employment_direction (4 字段目标)
[65/94] measurement-control-technology-instruments: ✅ deep_study,alumni_quotes,pitfalls,employment_direction (4 字段目标)
[66/94] mechanical-design-manufacture-automation: ✅ deep_study,alumni_quotes,pitfalls,employment_direction (4 字段目标)
[67/94] mechatronic-engineering: ✅ deep_study,alumni_quotes,pitfalls,employment_direction (4 字段目标)
[68/94] medical-imaging: ✅ deep_study,alumni_quotes,pitfalls,employment_direction (4 字段目标)
[69/94] medical-laboratory-science: ✅ deep_study,alumni_quotes,pitfalls,employment_direction (4 字段目标)
[70/94] new-energy-science-engineering: ✅ deep_study,alumni_quotes,pitfalls,employment_direction (4 字段目标)
[71/94] ophthalmology-optometry: ✅ deep_study,alumni_quotes,pitfalls,employment_direction (4 字段目标)
[72/94] optoelectronic-information-science-engineering: ✅ deep_study,alumni_quotes,pitfalls,employment_direction (4 字段目标)
[73/94] pharmaceutical-engineering: ✅ deep_study,alumni_quotes,pitfalls,employment_direction (4 字段目标)
[74/94] polymer-materials-engineering: ✅ deep_study,alumni_quotes,pitfalls,employment_direction (4 字段目标)
[75/94] process-equipment-control-engineering: ✅ deep_study,alumni_quotes,pitfalls,employment_direction (4 字段目标)
[76/94] psychiatry: ✅ deep_study,alumni_quotes,pitfalls,employment_direction (4 字段目标)
[77/94] quantum-information-engineering: ✅ deep_study,alumni_quotes,pitfalls,employment_direction (4 字段目标)
[78/94] rehabilitation-therapy: ✅ deep_study,alumni_quotes,pitfalls,employment_direction (4 字段目标)
[79/94] robotics-engineering: ✅ deep_study,alumni_quotes,pitfalls,employment_direction (4 字段目标)
[80/94] rural-regional-development: ✅ deep_study,alumni_quotes,pitfalls,employment_direction (4 字段目标)
[81/94] russian: ✅ deep_study,alumni_quotes,pitfalls,employment_direction (4 字段目标)
[82/94] safety-engineering: ✅ deep_study,alumni_quotes,pitfalls,employment_direction (4 字段目标)
[83/94] service-science-engineering: ✅ deep_study,alumni_quotes,pitfalls,employment_direction (4 字段目标)
[84/94] smart-agriculture: ✅ deep_study,alumni_quotes,pitfalls,employment_direction (4 字段目标)
[85/94] smart-energy-engineering: ✅ deep_study,alumni_quotes,pitfalls,employment_direction (4 字段目标)
[86/94] sports-economy-management: ✅ deep_study,alumni_quotes,pitfalls,employment_direction (4 字段目标)
[87/94] sports-law: ✅ deep_study,alumni_quotes,pitfalls,employment_direction (4 字段目标)
[88/94] stomatology: ✅ deep_study,alumni_quotes,pitfalls,employment_direction (4 字段目标)
[89/94] supply-chain-management: ✅ deep_study,alumni_quotes,pitfalls,employment_direction (4 字段目标)
[90/94] tcm-rehabilitation: ✅ deep_study,alumni_quotes,pitfalls,employment_direction (4 字段目标)
[91/94] traditional-chinese-medicine: ✅ deep_study,alumni_quotes,pitfalls,employment_direction (4 字段目标)
[92/94] traditional-chinese-pharmacy: ✅ deep_study,alumni_quotes,pitfalls,employment_direction (4 字段目标)
[93/94] translation-interpreting: ✅ deep_study,alumni_quotes,pitfalls,employment_direction (4 字段目标)
[94/94] virtual-reality-technology: ✅ deep_study,alumni_quotes,pitfalls,employment_direction (4 字段目标)

============================================================
✅ 升级成功: 94
⚠️  无变化:  0
❌ 失败:    0
