🚀 升级 25 篇, mimo 字段级重写
[1/25] agricultural-intelligent-equipment-engineering: ✅ deep_study,alumni_quotes,pitfalls,employment_direction (4 字段目标)
[2/25] audiology-speech-rehabilitation: ✅ deep_study,alumni_quotes,pitfalls,employment_direction (4 字段目标)
[3/25] biomedical-engineering: ✅ deep_study,alumni_quotes,pitfalls,employment_direction (4 字段目标)
[4/25] bionic-science-engineering: mimo err: mimo 调用失败: HTTP Error 429: Too Many Requests
[5/25] blockchain-engineering: ✅ deep_study,alumni_quotes,pitfalls,employment_direction (4 字段目标)
[6/25] clinical-engineering-technology: ✅ deep_study,alumni_quotes,pitfalls,employment_direction (4 字段目标)
[7/25] cryptology-science-technology: ✅ deep_study,alumni_quotes,pitfalls,employment_direction (4 字段目标)
[8/25] digital-twin-technology: ✅ deep_study,alumni_quotes,pitfalls,employment_direction (4 字段目标)
[9/25] food-hygiene-nutrition: mimo err: mimo 调用失败: HTTP Error 429: Too Many Requests
[10/25] industrial-intelligence: ✅ deep_study,alumni_quotes,pitfalls,employment_direction (4 字段目标)
[11/25] intelligent-marine-equipment: ✅ deep_study,alumni_quotes,pitfalls,employment_direction (4 字段目标)
[12/25] intelligent-medical-engineering: ✅ deep_study,alumni_quotes,pitfalls,employment_direction (4 字段目标)
[13/25] intelligent-mining-engineering: ✅ deep_study,alumni_quotes,pitfalls,employment_direction (4 字段目标)
[14/25] intelligent-transportation: mimo err: mimo 调用失败: HTTP Error 429: Too Many Requests
[15/25] intelligent-vehicle-engineering: ✅ deep_study,alumni_quotes,pitfalls,employment_direction (4 字段目标)
[16/25] land-science-technology: ✅ deep_study,alumni_quotes,pitfalls,employment_direction (4 字段目标)
[17/25] marine-information-technology: ✅ deep_study,alumni_quotes,pitfalls,employment_direction (4 字段目标)
[18/25] ophthalmology-optometry: ✅ deep_study,alumni_quotes,pitfalls,employment_direction (4 字段目标)
[19/25] psychiatry: mimo err: mimo 调用失败: HTTP Error 429: Too Many Requests
[20/25] quantum-information-engineering: ✅ deep_study,alumni_quotes,pitfalls,employment_direction (4 字段目标)
[21/25] service-science-engineering: ✅ deep_study,alumni_quotes,pitfalls,employment_direction (4 字段目标)
[22/25] smart-agriculture: ✅ deep_study,alumni_quotes,pitfalls,employment_direction (4 字段目标)
[23/25] smart-energy-engineering: ✅ deep_study,alumni_quotes,pitfalls,employment_direction (4 字段目标)
[24/25] tcm-rehabilitation: mimo err: mimo 调用失败: HTTP Error 429: Too Many Requests
[25/25] virtual-reality-technology: mimo err: mimo 调用失败: HTTP Error 429: Too Many Requests

============================================================
✅ 升级成功: 19
⚠️  无变化:  0
❌ 失败:    6
  bionic-science-engineering: mimo err: mimo 调用失败: HTTP Error 429: Too Many Requests
  food-hygiene-nutrition: mimo err: mimo 调用失败: HTTP Error 429: Too Many Requests
  intelligent-transportation: mimo err: mimo 调用失败: HTTP Error 429: Too Many Requests
  psychiatry: mimo err: mimo 调用失败: HTTP Error 429: Too Many Requests
  tcm-rehabilitation: mimo err: mimo 调用失败: HTTP Error 429: Too Many Requests
  virtual-reality-technology: mimo err: mimo 调用失败: HTTP Error 429: Too Many Requests
