🚀 升级 95 篇, mimo 字段级重写
[1/95] advertising: ✅ deep_study,alumni_quotes,lede,hero_quote (4 字段目标)
[2/95] agricultural-intelligent-equipment-engineering: ✅ deep_study,alumni_quotes,lede,hero_quote,curriculum (4 字段目标)
[3/95] anesthesiology: ✅ deep_study,alumni_quotes,lede,hero_quote,curriculum (4 字段目标)
[4/95] animal-science: ✅ deep_study,alumni_quotes,lede,hero_quote (4 字段目标)
[5/95] applied-linguistics: ✅ deep_study,alumni_quotes,lede,hero_quote (4 字段目标)
[6/95] audiology-speech-rehabilitation: ✅ deep_study,alumni_quotes,lede,hero_quote,curriculum (4 字段目标)
[7/95] big-data-management-application: ✅ deep_study,alumni_quotes,lede,hero_quote (4 字段目标)
[8/95] bioinformatics: ✅ deep_study,alumni_quotes,lede,hero_quote,curriculum (4 字段目标)
[9/95] biological-engineering: ✅ deep_study,alumni_quotes,lede,hero_quote,curriculum (4 字段目标)
[10/95] biomedical-engineering: ✅ deep_study,alumni_quotes,lede,hero_quote,curriculum (4 字段目标)
[11/95] bionic-science-engineering: ✅ deep_study,alumni_quotes,lede,hero_quote,curriculum (4 字段目标)
[12/95] biopharmaceutical-engineering: ✅ deep_study,alumni_quotes,lede,hero_quote (4 字段目标)
[13/95] blockchain-engineering: ✅ deep_study,alumni_quotes,lede,hero_quote,curriculum (4 字段目标)
[14/95] broadcasting-hosting: ✅ deep_study,alumni_quotes,lede,hero_quote (4 字段目标)
[15/95] chemical-biology: ✅ deep_study,alumni_quotes,lede,hero_quote,curriculum (4 字段目标)
[16/95] clinical-engineering-technology: ✅ deep_study,alumni_quotes,pitfalls,lede,hero_quote,curriculum (4 字段目标)
[17/95] computational-linguistics: ✅ deep_study,alumni_quotes,pitfalls,lede,hero_quote (4 字段目标)
[18/95] credit-management: ✅ deep_study,alumni_quotes,pitfalls,lede,hero_quote,curriculum (4 字段目标)
[19/95] cross-border-ecommerce: ✅ deep_study,alumni_quotes,lede,hero_quote (4 字段目标)
[20/95] cryptology-science-technology: ✅ deep_study,alumni_quotes,lede,hero_quote,curriculum (4 字段目标)
[21/95] cultural-industry-management: ✅ deep_study,alumni_quotes,lede,hero_quote (4 字段目标)
[22/95] cultural-relics-museology: ✅ deep_study,alumni_quotes,pitfalls,employment_direction,lede,hero_quote,curriculum (4 字段目标)
[23/95] cyber-information-law: ✅ deep_study,alumni_quotes,lede,hero_quote,curriculum (4 字段目标)
[24/95] digital-economy: ✅ deep_study,alumni_quotes,pitfalls,employment_direction,lede,hero_quote,curriculum (4 字段目标)
[25/95] digital-humanities: ✅ deep_study,alumni_quotes,lede,hero_quote (4 字段目标)
[26/95] digital-media-technology: ✅ deep_study,alumni_quotes,lede,hero_quote,curriculum (4 字段目标)
[27/95] digital-twin-technology: ✅ deep_study,alumni_quotes,lede,hero_quote,curriculum (4 字段目标)
[28/95] electronic-science-technology: ✅ deep_study,alumni_quotes,pitfalls,employment_direction,lede,hero_quote,curriculum (4 字段目标)
[29/95] energy-power-engineering: ✅ deep_study,alumni_quotes,lede,hero_quote,curriculum (4 字段目标)
[30/95] energy-storage-science-engineering: ✅ deep_study,alumni_quotes,lede,hero_quote (4 字段目标)
[31/95] engineering-mechanics: ✅ deep_study,alumni_quotes,pitfalls,employment_direction,lede,hero_quote,curriculum (4 字段目标)
[32/95] environmental-ecological-engineering: ✅ deep_study,alumni_quotes,pitfalls,employment_direction,lede,hero_quote,curriculum (4 字段目标)
[33/95] environmental-engineering: ✅ deep_study,alumni_quotes,pitfalls,employment_direction,lede,hero_quote (4 字段目标)
[34/95] environmental-resource-protection-law: ✅ deep_study,alumni_quotes,lede,hero_quote,curriculum (4 字段目标)
[35/95] environmental-science: ✅ deep_study,alumni_quotes,pitfalls,employment_direction,lede,hero_quote,curriculum (4 字段目标)
[36/95] ethnology: ✅ deep_study,alumni_quotes,pitfalls,lede,hero_quote,curriculum (4 字段目标)
[37/95] financial-law: ✅ deep_study,alumni_quotes,lede,hero_quote,curriculum (4 字段目标)
[38/95] fintech: ✅ deep_study,alumni_quotes,lede,hero_quote,curriculum (4 字段目标)
[39/95] food-hygiene-nutrition: ✅ deep_study,alumni_quotes,pitfalls,lede,hero_quote,curriculum (4 字段目标)
[40/95] geoinformation-science-technology: ✅ deep_study,alumni_quotes,lede,hero_quote (4 字段目标)
[41/95] geological-engineering: ✅ deep_study,alumni_quotes,lede,hero_quote,curriculum (4 字段目标)
[42/95] global-climate-change: ✅ deep_study,alumni_quotes,pitfalls,lede,hero_quote,curriculum (4 字段目标)
[43/95] health-law: ✅ deep_study,alumni_quotes,lede,hero_quote,curriculum (4 字段目标)
[44/95] horticulture: ✅ deep_study,alumni_quotes,lede,hero_quote,curriculum (4 字段目标)
[45/95] hydraulic-engineering: ✅ deep_study,alumni_quotes,lede,hero_quote,curriculum (4 字段目标)
[46/95] ideological-political-education: ✅ deep_study,alumni_quotes,pitfalls,lede,hero_quote (4 字段目标)
[47/95] industrial-intelligence: ✅ deep_study,alumni_quotes,lede,hero_quote,curriculum (4 字段目标)
[48/95] information-security: ✅ deep_study,alumni_quotes,lede,hero_quote,curriculum (4 字段目标)
[49/95] intelligent-construction: ✅ deep_study,alumni_quotes,pitfalls,lede,hero_quote (4 字段目标)
[50/95] intelligent-manufacturing-engineering: ✅ deep_study,alumni_quotes,pitfalls,lede,hero_quote (4 字段目标)
[51/95] intelligent-marine-equipment: ✅ deep_study,alumni_quotes,lede,hero_quote (4 字段目标)
[52/95] intelligent-medical-engineering: ✅ deep_study,alumni_quotes,pitfalls,lede,hero_quote,curriculum (4 字段目标)
[53/95] intelligent-mining-engineering: ✅ deep_study,alumni_quotes,pitfalls,employment_direction,lede,hero_quote,curriculum (4 字段目标)
[54/95] intelligent-transportation: ✅ deep_study,alumni_quotes,lede,hero_quote (4 字段目标)
[55/95] intelligent-vehicle-engineering: ✅ deep_study,alumni_quotes,lede,hero_quote,curriculum (4 字段目标)
[56/95] international-journalism-communication: ✅ deep_study,alumni_quotes,lede,hero_quote (4 字段目标)
[57/95] internet-of-things-engineering: ✅ deep_study,alumni_quotes,lede,hero_quote (4 字段目标)
[58/95] japanese: ✅ deep_study,alumni_quotes,pitfalls,lede,hero_quote,curriculum (4 字段目标)
[59/95] journalism: ✅ deep_study,alumni_quotes,pitfalls,lede,hero_quote,curriculum (4 字段目标)
[60/95] land-science-technology: ✅ deep_study,alumni_quotes,pitfalls,lede,hero_quote,curriculum (4 字段目标)
[61/95] landscape-architecture2: ✅ deep_study,alumni_quotes,lede,hero_quote,curriculum (4 字段目标)
[62/95] marine-fishery-science-technology: ✅ deep_study,alumni_quotes,lede,hero_quote,curriculum (4 字段目标)
[63/95] marine-information-technology: ✅ deep_study,alumni_quotes,lede,hero_quote,curriculum (4 字段目标)
[64/95] materials-forming-control-engineering: ✅ deep_study,alumni_quotes,lede,hero_quote (4 字段目标)
[65/95] measurement-control-technology-instruments: ✅ deep_study,alumni_quotes,lede,hero_quote (4 字段目标)
[66/95] mechanical-design-manufacture-automation: ✅ deep_study,alumni_quotes,pitfalls,lede,hero_quote,curriculum (4 字段目标)
[67/95] mechatronic-engineering: ✅ deep_study,alumni_quotes,pitfalls,employment_direction,lede,hero_quote (4 字段目标)
[68/95] medical-imaging: ✅ deep_study,alumni_quotes,pitfalls,lede,hero_quote (4 字段目标)
[69/95] medical-laboratory-science: ✅ deep_study,alumni_quotes,lede,hero_quote,curriculum (4 字段目标)
[70/95] medical-laboratory-tech: ✅ deep_study,alumni_quotes,pitfalls,employment_direction,lede,hero_quote (4 字段目标)
[71/95] new-energy-science-engineering: ✅ deep_study,alumni_quotes,pitfalls,employment_direction,lede,hero_quote,curriculum (4 字段目标)
[72/95] ophthalmology-optometry: ✅ deep_study,alumni_quotes,lede,hero_quote,curriculum (4 字段目标)
[73/95] optoelectronic-information-science-engineering: ✅ deep_study,alumni_quotes,lede,hero_quote,curriculum (4 字段目标)
[74/95] pharmaceutical-engineering: ✅ deep_study,alumni_quotes,lede,hero_quote,curriculum (4 字段目标)
[75/95] polymer-materials-engineering: ✅ deep_study,alumni_quotes,lede,hero_quote,curriculum (4 字段目标)
[76/95] process-equipment-control-engineering: ✅ deep_study,alumni_quotes,pitfalls,lede,hero_quote,curriculum (4 字段目标)
[77/95] psychiatry: ✅ deep_study,alumni_quotes,pitfalls,lede,hero_quote,curriculum (4 字段目标)
[78/95] quantum-information-engineering: ✅ deep_study,alumni_quotes,lede,hero_quote (4 字段目标)
[79/95] rehabilitation-therapy: ✅ deep_study,alumni_quotes,pitfalls,employment_direction,lede,hero_quote,curriculum (4 字段目标)
[80/95] robotics-engineering: ✅ deep_study,alumni_quotes,lede,hero_quote (4 字段目标)
[81/95] rural-regional-development: ✅ deep_study,alumni_quotes,lede,hero_quote,curriculum (4 字段目标)
[82/95] russian: ✅ deep_study,alumni_quotes,lede,hero_quote,curriculum (4 字段目标)
[83/95] safety-engineering: ✅ deep_study,alumni_quotes,pitfalls,employment_direction,lede,hero_quote (4 字段目标)
[84/95] service-science-engineering: ✅ deep_study,alumni_quotes,lede,hero_quote,curriculum (4 字段目标)
[85/95] smart-agriculture: ✅ deep_study,alumni_quotes,pitfalls,employment_direction,lede,hero_quote (4 字段目标)
[86/95] smart-energy-engineering: ✅ deep_study,alumni_quotes,lede,hero_quote,curriculum (4 字段目标)
[87/95] sports-economy-management: ✅ deep_study,alumni_quotes,pitfalls,employment_direction,lede,hero_quote,curriculum (4 字段目标)
[88/95] sports-law: ✅ deep_study,alumni_quotes,lede,hero_quote (4 字段目标)
[89/95] stomatology: ✅ deep_study,alumni_quotes,lede,hero_quote,curriculum (4 字段目标)
[90/95] supply-chain-management: ✅ deep_study,alumni_quotes,lede,hero_quote,curriculum (4 字段目标)
[91/95] tcm-rehabilitation: ✅ deep_study,alumni_quotes,pitfalls,employment_direction,lede,hero_quote,curriculum (4 字段目标)
[92/95] traditional-chinese-medicine: ✅ deep_study,alumni_quotes,lede,hero_quote,curriculum (4 字段目标)
[93/95] traditional-chinese-pharmacy: ✅ deep_study,alumni_quotes,pitfalls,employment_direction,lede,hero_quote (4 字段目标)
[94/95] translation-interpreting: ✅ deep_study,alumni_quotes,pitfalls,lede,hero_quote,curriculum (4 字段目标)
[95/95] virtual-reality-technology: ✅ deep_study,alumni_quotes,lede,hero_quote (4 字段目标)

============================================================
✅ 升级成功: 95
⚠️  无变化:  0
❌ 失败:    0
